Archive member included to satisfy reference by file (symbol)

e:/developmentenvironment/gcc-arm-none-eabi/bin/../lib/gcc/arm-none-eabi/10.3.1/thumb/v7-m/nofp\libgcc.a(_arm_muldf3.o)
                              CMakeFiles/BC_FreeRTOS.elf.dir/Core/Src/car_bl_pid.c.obj (__aeabi_dmul)
e:/developmentenvironment/gcc-arm-none-eabi/bin/../lib/gcc/arm-none-eabi/10.3.1/thumb/v7-m/nofp\libgcc.a(_arm_mulsf3.o)
                              CMakeFiles/BC_FreeRTOS.elf.dir/Core/Src/car_bl_pid.c.obj (__aeabi_fmul)
e:/developmentenvironment/gcc-arm-none-eabi/bin/../lib/gcc/arm-none-eabi/10.3.1/thumb/v7-m/nofp\libgcc.a(_arm_addsubdf3.o)
                              CMakeFiles/BC_FreeRTOS.elf.dir/Drivers/MPU6050/nodmp_mpu6050.c.obj (__aeabi_dsub)
e:/developmentenvironment/gcc-arm-none-eabi/bin/../lib/gcc/arm-none-eabi/10.3.1/thumb/v7-m/nofp\libgcc.a(_arm_muldivdf3.o)
                              CMakeFiles/BC_FreeRTOS.elf.dir/Drivers/MPU6050/nodmp_mpu6050.c.obj (__aeabi_ddiv)
e:/developmentenvironment/gcc-arm-none-eabi/bin/../lib/gcc/arm-none-eabi/10.3.1/thumb/v7-m/nofp\libgcc.a(_arm_cmpdf2.o)
                              CMakeFiles/BC_FreeRTOS.elf.dir/Drivers/MPU6050/nodmp_mpu6050.c.obj (__aeabi_dcmpeq)
e:/developmentenvironment/gcc-arm-none-eabi/bin/../lib/gcc/arm-none-eabi/10.3.1/thumb/v7-m/nofp\libgcc.a(_arm_truncdfsf2.o)
                              CMakeFiles/BC_FreeRTOS.elf.dir/Core/Src/car_bl_pid.c.obj (__aeabi_d2f)
e:/developmentenvironment/gcc-arm-none-eabi/bin/../lib/gcc/arm-none-eabi/10.3.1/thumb/v7-m/nofp\libgcc.a(_arm_addsubsf3.o)
                              CMakeFiles/BC_FreeRTOS.elf.dir/Drivers/MPU6050_DMP/inv_mpu.c.obj (__aeabi_fsub)
e:/developmentenvironment/gcc-arm-none-eabi/bin/../lib/gcc/arm-none-eabi/10.3.1/thumb/v7-m/nofp\libgcc.a(_arm_muldivsf3.o)
                              CMakeFiles/BC_FreeRTOS.elf.dir/Drivers/MPU6050/nodmp_mpu6050.c.obj (__aeabi_fdiv)
e:/developmentenvironment/gcc-arm-none-eabi/bin/../lib/gcc/arm-none-eabi/10.3.1/thumb/v7-m/nofp\libgcc.a(_arm_cmpsf2.o)
                              CMakeFiles/BC_FreeRTOS.elf.dir/Drivers/MPU6050_DMP/inv_mpu.c.obj (__aeabi_fcmpeq)
e:/developmentenvironment/gcc-arm-none-eabi/bin/../lib/gcc/arm-none-eabi/10.3.1/thumb/v7-m/nofp\libgcc.a(_arm_fixsfsi.o)
                              CMakeFiles/BC_FreeRTOS.elf.dir/Core/Src/car_bl_pid.c.obj (__aeabi_f2iz)
e:/developmentenvironment/gcc-arm-none-eabi/bin/../lib/gcc/arm-none-eabi/10.3.1/thumb/v7-m/nofp\libgcc.a(_arm_fixunssfsi.o)
                              CMakeFiles/BC_FreeRTOS.elf.dir/Drivers/MPU6050_DMP/inv_mpu_dmp_motion_driver.c.obj (__aeabi_f2uiz)
e:/developmentenvironment/gcc-arm-none-eabi/bin/../lib/gcc/arm-none-eabi/10.3.1/thumb/v7-m/nofp\libgcc.a(_aeabi_ldivmod.o)
                              CMakeFiles/BC_FreeRTOS.elf.dir/Drivers/MPU6050_DMP/inv_mpu.c.obj (__aeabi_ldivmod)
e:/developmentenvironment/gcc-arm-none-eabi/bin/../lib/gcc/arm-none-eabi/10.3.1/thumb/v7-m/nofp\libgcc.a(_udivmoddi4.o)
                              e:/developmentenvironment/gcc-arm-none-eabi/bin/../lib/gcc/arm-none-eabi/10.3.1/thumb/v7-m/nofp\libgcc.a(_aeabi_ldivmod.o) (__udivmoddi4)
e:/developmentenvironment/gcc-arm-none-eabi/bin/../lib/gcc/arm-none-eabi/10.3.1/thumb/v7-m/nofp\libgcc.a(_dvmd_tls.o)
                              e:/developmentenvironment/gcc-arm-none-eabi/bin/../lib/gcc/arm-none-eabi/10.3.1/thumb/v7-m/nofp\libgcc.a(_aeabi_ldivmod.o) (__aeabi_ldiv0)
e:/developmentenvironment/gcc-arm-none-eabi/bin/../lib/gcc/arm-none-eabi/10.3.1/../../../../arm-none-eabi/lib/thumb/v7-m/nofp\libg.a(lib_a-errno.o)
                              CMakeFiles/BC_FreeRTOS.elf.dir/Core/Src/syscalls.c.obj (__errno)
e:/developmentenvironment/gcc-arm-none-eabi/bin/../lib/gcc/arm-none-eabi/10.3.1/../../../../arm-none-eabi/lib/thumb/v7-m/nofp\libg.a(lib_a-exit.o)
                              e:/developmentenvironment/gcc-arm-none-eabi/bin/../lib/gcc/arm-none-eabi/10.3.1/../../../../arm-none-eabi/lib/thumb/v7-m/nofp/crt0.o (exit)
e:/developmentenvironment/gcc-arm-none-eabi/bin/../lib/gcc/arm-none-eabi/10.3.1/../../../../arm-none-eabi/lib/thumb/v7-m/nofp\libg.a(lib_a-impure.o)
                              e:/developmentenvironment/gcc-arm-none-eabi/bin/../lib/gcc/arm-none-eabi/10.3.1/../../../../arm-none-eabi/lib/thumb/v7-m/nofp\libg.a(lib_a-exit.o) (_global_impure_ptr)
e:/developmentenvironment/gcc-arm-none-eabi/bin/../lib/gcc/arm-none-eabi/10.3.1/../../../../arm-none-eabi/lib/thumb/v7-m/nofp\libg.a(lib_a-init.o)
                              e:/developmentenvironment/gcc-arm-none-eabi/bin/../lib/gcc/arm-none-eabi/10.3.1/../../../../arm-none-eabi/lib/thumb/v7-m/nofp/crt0.o (__libc_init_array)
e:/developmentenvironment/gcc-arm-none-eabi/bin/../lib/gcc/arm-none-eabi/10.3.1/../../../../arm-none-eabi/lib/thumb/v7-m/nofp\libg.a(lib_a-malloc.o)
                              CMakeFiles/BC_FreeRTOS.elf.dir/Middlewares/Third_Party/FreeRTOS/Source/portable/MemMang/heap_useNewlib_ST.c.obj (malloc)
[...]
Memory Configuration

Name             Origin             Length             Attributes
RAM              0x20000000         0x00005000         xrw
FLASH            0x08000000         0x00010000         xr
*default*        0x00000000         0xffffffff

Linker script and memory map

LOAD e:/developmentenvironment/gcc-arm-none-eabi/bin/../lib/gcc/arm-none-eabi/10.3.1/thumb/v7-m/nofp/crti.o
LOAD e:/developmentenvironment/gcc-arm-none-eabi/bin/../lib/gcc/arm-none-eabi/10.3.1/thumb/v7-m/nofp/crtbegin.o
LOAD e:/developmentenvironment/gcc-arm-none-eabi/bin/../lib/gcc/arm-none-eabi/10.3.1/../../../../arm-none-eabi/lib/thumb/v7-m/nofp/crt0.o
LOAD CMakeFiles/BC_FreeRTOS.elf.dir/Core/Src/adc.c.obj
LOAD CMakeFiles/BC_FreeRTOS.elf.dir/Core/Src/car_bl_pid.c.obj
LOAD CMakeFiles/BC_FreeRTOS.elf.dir/Core/Src/dma.c.obj
LOAD CMakeFiles/BC_FreeRTOS.elf.dir/Core/Src/encoder.c.obj
LOAD CMakeFiles/BC_FreeRTOS.elf.dir/Core/Src/freertos.c.obj
LOAD CMakeFiles/BC_FreeRTOS.elf.dir/Core/Src/gpio.c.obj
LOAD CMakeFiles/BC_FreeRTOS.elf.dir/Core/Src/i2c.c.obj
LOAD CMakeFiles/BC_FreeRTOS.elf.dir/Core/Src/main.c.obj
LOAD CMakeFiles/BC_FreeRTOS.elf.dir/Core/Src/stm32f1xx_hal_msp.c.obj
LOAD CMakeFiles/BC_FreeRTOS.elf.dir/Core/Src/stm32f1xx_hal_timebase_tim.c.obj
LOAD CMakeFiles/BC_FreeRTOS.elf.dir/Core/Src/stm32f1xx_it.c.obj
LOAD CMakeFiles/BC_FreeRTOS.elf.dir/Core/Src/syscalls.c.obj
LOAD CMakeFiles/BC_FreeRTOS.elf.dir/Core/Src/system_stm32f1xx.c.obj
LOAD CMakeFiles/BC_FreeRTOS.elf.dir/Core/Src/tb6612.c.obj
LOAD CMakeFiles/BC_FreeRTOS.elf.dir/Core/Src/tim.c.obj
LOAD CMakeFiles/BC_FreeRTOS.elf.dir/Core/Src/usart.c.obj
LOAD CMakeFiles/BC_FreeRTOS.elf.dir/Drivers/MPU6050/nodmp_mpu6050.c.obj
LOAD CMakeFiles/BC_FreeRTOS.elf.dir/Drivers/MPU6050_DMP/I2C.c.obj
LOAD CMakeFiles/BC_FreeRTOS.elf.dir/Drivers/MPU6050_DMP/inv_mpu.c.obj
LOAD CMakeFiles/BC_FreeRTOS.elf.dir/Drivers/MPU6050_DMP/inv_mpu_dmp_motion_driver.c.obj
LOAD CMakeFiles/BC_FreeRTOS.elf.dir/Drivers/MPU6050_DMP/mpu6050.c.obj
LOAD CMakeFiles/BC_FreeRTOS.elf.dir/Drivers/SSD1306/ssd1306.c.obj
LOAD CMakeFiles/BC_FreeRTOS.elf.dir/Drivers/SSD1306/ssd1306_font.c.obj
LOAD CMakeFiles/BC_FreeRTOS.elf.dir/Drivers/STM32F1xx_HAL_Driver/Src/stm32f1xx_hal.c.obj
LOAD CMakeFiles/BC_FreeRTOS.elf.dir/Drivers/STM32F1xx_HAL_Driver/Src/stm32f1xx_hal_adc.c.obj
LOAD CMakeFiles/BC_FreeRTOS.elf.dir/Drivers/STM32F1xx_HAL_Driver/Src/stm32f1xx_hal_adc_ex.c.obj
LOAD CMakeFiles/BC_FreeRTOS.elf.dir/Drivers/STM32F1xx_HAL_Driver/Src/stm32f1xx_hal_cortex.c.obj
LOAD CMakeFiles/BC_FreeRTOS.elf.dir/Drivers/STM32F1xx_HAL_Driver/Src/stm32f1xx_hal_dma.c.obj
LOAD CMakeFiles/BC_FreeRTOS.elf.dir/Drivers/STM32F1xx_HAL_Driver/Src/stm32f1xx_hal_exti.c.obj
LOAD CMakeFiles/BC_FreeRTOS.elf.dir/Drivers/STM32F1xx_HAL_Driver/Src/stm32f1xx_hal_flash.c.obj
LOAD CMakeFiles/BC_FreeRTOS.elf.dir/Drivers/STM32F1xx_HAL_Driver/Src/stm32f1xx_hal_flash_ex.c.obj
LOAD CMakeFiles/BC_FreeRTOS.elf.dir/Drivers/STM32F1xx_HAL_Driver/Src/stm32f1xx_hal_gpio.c.obj
LOAD CMakeFiles/BC_FreeRTOS.elf.dir/Drivers/STM32F1xx_HAL_Driver/Src/stm32f1xx_hal_gpio_ex.c.obj
LOAD CMakeFiles/BC_FreeRTOS.elf.dir/Drivers/STM32F1xx_HAL_Driver/Src/stm32f1xx_hal_i2c.c.obj
LOAD CMakeFiles/BC_FreeRTOS.elf.dir/Drivers/STM32F1xx_HAL_Driver/Src/stm32f1xx_hal_pwr.c.obj
LOAD CMakeFiles/BC_FreeRTOS.elf.dir/Drivers/STM32F1xx_HAL_Driver/Src/stm32f1xx_hal_rcc.c.obj
LOAD CMakeFiles/BC_FreeRTOS.elf.dir/Drivers/STM32F1xx_HAL_Driver/Src/stm32f1xx_hal_rcc_ex.c.obj
LOAD CMakeFiles/BC_FreeRTOS.elf.dir/Drivers/STM32F1xx_HAL_Driver/Src/stm32f1xx_hal_tim.c.obj
LOAD CMakeFiles/BC_FreeRTOS.elf.dir/Drivers/STM32F1xx_HAL_Driver/Src/stm32f1xx_hal_tim_ex.c.obj
LOAD CMakeFiles/BC_FreeRTOS.elf.dir/Drivers/STM32F1xx_HAL_Driver/Src/stm32f1xx_hal_uart.c.obj
LOAD CMakeFiles/BC_FreeRTOS.elf.dir/Middlewares/Third_Party/FreeRTOS/Source/CMSIS_RTOS_V2/cmsis_os2.c.obj
LOAD CMakeFiles/BC_FreeRTOS.elf.dir/Middlewares/Third_Party/FreeRTOS/Source/croutine.c.obj
LOAD CMakeFiles/BC_FreeRTOS.elf.dir/Middlewares/Third_Party/FreeRTOS/Source/event_groups.c.obj
LOAD CMakeFiles/BC_FreeRTOS.elf.dir/Middlewares/Third_Party/FreeRTOS/Source/list.c.obj
LOAD CMakeFiles/BC_FreeRTOS.elf.dir/Middlewares/Third_Party/FreeRTOS/Source/portable/GCC/ARM_CM3/port.c.obj
LOAD CMakeFiles/BC_FreeRTOS.elf.dir/Middlewares/Third_Party/FreeRTOS/Source/portable/MemMang/heap_useNewlib_ST.c.obj
LOAD CMakeFiles/BC_FreeRTOS.elf.dir/Middlewares/Third_Party/FreeRTOS/Source/queue.c.obj
LOAD CMakeFiles/BC_FreeRTOS.elf.dir/Middlewares/Third_Party/FreeRTOS/Source/stream_buffer.c.obj
LOAD CMakeFiles/BC_FreeRTOS.elf.dir/Middlewares/Third_Party/FreeRTOS/Source/tasks.c.obj
LOAD CMakeFiles/BC_FreeRTOS.elf.dir/Middlewares/Third_Party/FreeRTOS/Source/timers.c.obj
LOAD CMakeFiles/BC_FreeRTOS.elf.dir/startup/startup_stm32f103xb.s.obj
START GROUP
LOAD e:/developmentenvironment/gcc-arm-none-eabi/bin/../lib/gcc/arm-none-eabi/10.3.1/thumb/v7-m/nofp\libgcc.a
LOAD e:/developmentenvironment/gcc-arm-none-eabi/bin/../lib/gcc/arm-none-eabi/10.3.1/../../../../arm-none-eabi/lib/thumb/v7-m/nofp\libg.a
LOAD e:/developmentenvironment/gcc-arm-none-eabi/bin/../lib/gcc/arm-none-eabi/10.3.1/../../../../arm-none-eabi/lib/thumb/v7-m/nofp\libc.a
END GROUP
LOAD e:/developmentenvironment/gcc-arm-none-eabi/bin/../lib/gcc/arm-none-eabi/10.3.1/thumb/v7-m/nofp/crtend.o
LOAD e:/developmentenvironment/gcc-arm-none-eabi/bin/../lib/gcc/arm-none-eabi/10.3.1/thumb/v7-m/nofp/crtn.o
                0x20005000                _estack = 0x20005000
                0x00000200                _Min_Heap_Size = 0x200
                0x00000400                _Min_Stack_Size = 0x400

.isr_vector     0x08000000      0x10c
                0x08000000                . = ALIGN (0x4)
 *(.isr_vector)
 .isr_vector    0x08000000      0x10c CMakeFiles/BC_FreeRTOS.elf.dir/startup/startup_stm32f103xb.s.obj
                0x08000000                g_pfnVectors
                0x0800010c                . = ALIGN (0x4)

.text           0x08000110     0x7ce0
                0x08000110                . = ALIGN (0x4)
 *(.text)
 .text          0x08000110       0x40 e:/developmentenvironment/gcc-arm-none-eabi/bin/../lib/gcc/arm-none-eabi/10.3.1/thumb/v7-m/nofp/crtbegin.o
 .text          0x08000150      0x378 e:/developmentenvironment/gcc-arm-none-eabi/bin/../lib/gcc/arm-none-eabi/10.3.1/thumb/v7-m/nofp\libgcc.a(_arm_addsubdf3.o)
                0x08000150                __aeabi_drsub
                0x08000158                __aeabi_dsub
                0x08000158                __subdf3
                0x0800015c                __aeabi_dadd
                0x0800015c                __adddf3
                0x080003d4                __floatunsidf
                0x080003d4                __aeabi_ui2d
                0x080003f4                __floatsidf
                0x080003f4                __aeabi_i2d
                0x08000418                __aeabi_f2d
                0x08000418                __extendsfdf2
                0x0800045c                __floatundidf
                0x0800045c                __aeabi_ul2d
                0x0800046c                __floatdidf
                0x0800046c                __aeabi_l2d
 .text          0x080004c8      0x424 e:/developmentenvironment/gcc-arm-none-eabi/bin/../lib/gcc/arm-none-eabi/10.3.1/thumb/v7-m/nofp\libgcc.a(_arm_muldivdf3.o)
                0x080004c8                __aeabi_dmul
                0x080004c8                __muldf3
                0x0800071c                __divdf3
                0x0800071c                __aeabi_ddiv
 .text          0x080008ec      0x110 e:/developmentenvironment/gcc-arm-none-eabi/bin/../lib/gcc/arm-none-eabi/10.3.1/thumb/v7-m/nofp\libgcc.a(_arm_cmpdf2.o)
                0x080008ec                __gtdf2
                0x080008ec                __gedf2
                0x080008f4                __ltdf2
                0x080008f4                __ledf2
                0x080008fc                __nedf2
                0x080008fc                __eqdf2
                0x080008fc                __cmpdf2
                0x08000978                __aeabi_cdrcmple
                0x08000988                __aeabi_cdcmpeq
                0x08000988                __aeabi_cdcmple
                0x08000998                __aeabi_dcmpeq
                0x080009ac                __aeabi_dcmplt
                0x080009c0                __aeabi_dcmple
                0x080009d4                __aeabi_dcmpge
                0x080009e8                __aeabi_dcmpgt
 .text          0x080009fc       0xa0 e:/developmentenvironment/gcc-arm-none-eabi/bin/../lib/gcc/arm-none-eabi/10.3.1/thumb/v7-m/nofp\libgcc.a(_arm_truncdfsf2.o)
                0x080009fc                __truncdfsf2
                0x080009fc                __aeabi_d2f
 .text          0x08000a9c      0x21c e:/developmentenvironment/gcc-arm-none-eabi/bin/../lib/gcc/arm-none-eabi/10.3.1/thumb/v7-m/nofp\libgcc.a(_arm_addsubsf3.o)
                0x08000a9c                __aeabi_frsub
                0x08000aa4                __subsf3
                0x08000aa4                __aeabi_fsub
                0x08000aa8                __aeabi_fadd
                0x08000aa8                __addsf3
                0x08000c08                __aeabi_ui2f
                0x08000c08                __floatunsisf
                0x08000c10                __aeabi_i2f
                0x08000c10                __floatsisf
                0x08000c2c                __aeabi_ul2f
                0x08000c2c                __floatundisf
                0x08000c3c                __aeabi_l2f
                0x08000c3c                __floatdisf
 .text          0x08000cb8      0x2a0 e:/developmentenvironment/gcc-arm-none-eabi/bin/../lib/gcc/arm-none-eabi/10.3.1/thumb/v7-m/nofp\libgcc.a(_arm_muldivsf3.o)
                0x08000cb8                __mulsf3
                0x08000cb8                __aeabi_fmul
                0x08000e20                __aeabi_fdiv
                0x08000e20                __divsf3
 .text          0x08000f58       0xec e:/developmentenvironment/gcc-arm-none-eabi/bin/../lib/gcc/arm-none-eabi/10.3.1/thumb/v7-m/nofp\libgcc.a(_arm_cmpsf2.o)
                0x08000f58                __gesf2
                0x08000f58                __gtsf2
                0x08000f60                __lesf2
                0x08000f60                __ltsf2
                0x08000f68                __nesf2
                0x08000f68                __eqsf2
                0x08000f68                __cmpsf2
                0x08000fc8                __aeabi_cfrcmple
                0x08000fd0                __aeabi_cfcmpeq
                0x08000fd0                __aeabi_cfcmple
                0x08000fe0                __aeabi_fcmpeq
                0x08000ff4                __aeabi_fcmplt
                0x08001008                __aeabi_fcmple
                0x0800101c                __aeabi_fcmpge
                0x08001030                __aeabi_fcmpgt
 .text          0x08001044       0x4c e:/developmentenvironment/gcc-arm-none-eabi/bin/../lib/gcc/arm-none-eabi/10.3.1/thumb/v7-m/nofp\libgcc.a(_arm_fixsfsi.o)
                0x08001044                __aeabi_f2iz
                0x08001044                __fixsfsi
 .text          0x08001090       0xec e:/developmentenvironment/gcc-arm-none-eabi/bin/../lib/gcc/arm-none-eabi/10.3.1/../../../../arm-none-eabi/lib/thumb/v7-m/nofp\libg.a(lib_a-memcpy.o)
                0x08001090                memcpy
 .text          0x0800117c       0x2c e:/developmentenvironment/gcc-arm-none-eabi/bin/../lib/gcc/arm-none-eabi/10.3.1/thumb/v7-m/nofp\libgcc.a(_arm_unorddf2.o)
                0x0800117c                __unorddf2
                0x0800117c                __aeabi_dcmpun
 *(.text*)
 .text.MX_ADC1_Init
                0x080011a8       0x5c CMakeFiles/BC_FreeRTOS.elf.dir/Core/Src/adc.c.obj
                0x080011a8                MX_ADC1_Init
 .text.MX_ADC2_Init
                0x08001204       0x5c CMakeFiles/BC_FreeRTOS.elf.dir/Core/Src/adc.c.obj
                0x08001204                MX_ADC2_Init
 .text.HAL_ADC_MspInit
                0x08001260       0xa4 CMakeFiles/BC_FreeRTOS.elf.dir/Core/Src/adc.c.obj
                0x08001260                HAL_ADC_MspInit
 .text.PD_Control
                0x08001304       0x34 CMakeFiles/BC_FreeRTOS.elf.dir/Core/Src/car_bl_pid.c.obj
                0x08001304                PD_Control
 .text.PI_Control
                0x08001338       0xd8 CMakeFiles/BC_FreeRTOS.elf.dir/Core/Src/car_bl_pid.c.obj
                0x08001338                PI_Control
 .text.car_balance_oledshow
                0x08001410       0x54 CMakeFiles/BC_FreeRTOS.elf.dir/Core/Src/car_bl_pid.c.obj
                0x08001410                car_balance_oledshow
 .text.MX_DMA_Init
                0x08001464       0x44 CMakeFiles/BC_FreeRTOS.elf.dir/Core/Src/dma.c.obj
                0x08001464                MX_DMA_Init
 .text.EncoderInit
                0x080014a8       0x24 CMakeFiles/BC_FreeRTOS.elf.dir/Core/Src/encoder.c.obj
                0x080014a8                EncoderInit
 .text.GetTim2Encoder
                0x080014cc       0x14 CMakeFiles/BC_FreeRTOS.elf.dir/Core/Src/encoder.c.obj
                0x080014cc                GetTim2Encoder
 .text.GetTim3Encoder
                0x080014e0       0x14 CMakeFiles/BC_FreeRTOS.elf.dir/Core/Src/encoder.c.obj
                0x080014e0                GetTim3Encoder
 .text.DataProcessTask
                0x080014f4       0x2c CMakeFiles/BC_FreeRTOS.elf.dir/Core/Src/freertos.c.obj
                0x080014f4                DataProcessTask
 .text.MX_FREERTOS_Init
                0x08001520       0x7c CMakeFiles/BC_FreeRTOS.elf.dir/Core/Src/freertos.c.obj
                0x08001520                MX_FREERTOS_Init
 .text.OledShowInit
                0x0800159c       0x68 CMakeFiles/BC_FreeRTOS.elf.dir/Core/Src/freertos.c.obj
                0x0800159c                OledShowInit
 .text.StartDefaultTask
                0x08001604       0x30 CMakeFiles/BC_FreeRTOS.elf.dir/Core/Src/freertos.c.obj
                0x08001604                StartDefaultTask
 .text.ReadData
                0x08001634       0x40 CMakeFiles/BC_FreeRTOS.elf.dir/Core/Src/freertos.c.obj
                0x08001634                ReadData
 .text.ReadDataTask
                0x08001674       0x38 CMakeFiles/BC_FreeRTOS.elf.dir/Core/Src/freertos.c.obj
                0x08001674                ReadDataTask
 .text.MX_GPIO_Init
                0x080016ac       0x78 CMakeFiles/BC_FreeRTOS.elf.dir/Core/Src/gpio.c.obj
                0x080016ac                MX_GPIO_Init
 .text.MX_I2C2_Init
                0x08001724       0x3c CMakeFiles/BC_FreeRTOS.elf.dir/Core/Src/i2c.c.obj
                0x08001724                MX_I2C2_Init
 .text.HAL_I2C_MspInit
                0x08001760       0x64 CMakeFiles/BC_FreeRTOS.elf.dir/Core/Src/i2c.c.obj
                0x08001760                HAL_I2C_MspInit
 .text.HAL_TIM_PeriodElapsedCallback
                0x080017c4       0x18 CMakeFiles/BC_FreeRTOS.elf.dir/Core/Src/main.c.obj
                0x080017c4                HAL_TIM_PeriodElapsedCallback
 .text.Error_Handler
                0x080017dc        0x4 CMakeFiles/BC_FreeRTOS.elf.dir/Core/Src/main.c.obj
                0x080017dc                Error_Handler
 .text.SystemClock_Config
                0x080017e0       0x84 CMakeFiles/BC_FreeRTOS.elf.dir/Core/Src/main.c.obj
                0x080017e0                SystemClock_Config
 .text.main     0x08001864       0x4c CMakeFiles/BC_FreeRTOS.elf.dir/Core/Src/main.c.obj
                0x08001864                main
 .text.HAL_MspInit
                0x080018b0       0x54 CMakeFiles/BC_FreeRTOS.elf.dir/Core/Src/stm32f1xx_hal_msp.c.obj
                0x080018b0                HAL_MspInit
 .text.HAL_InitTick
                0x08001904       0x78 CMakeFiles/BC_FreeRTOS.elf.dir/Core/Src/stm32f1xx_hal_timebase_tim.c.obj
                0x08001904                HAL_InitTick
 .text.NMI_Handler
                0x0800197c        0x2 CMakeFiles/BC_FreeRTOS.elf.dir/Core/Src/stm32f1xx_it.c.obj
                0x0800197c                NMI_Handler
 .text.HardFault_Handler
                0x0800197e        0x2 CMakeFiles/BC_FreeRTOS.elf.dir/Core/Src/stm32f1xx_it.c.obj
                0x0800197e                HardFault_Handler
 .text.MemManage_Handler
                0x08001980        0x2 CMakeFiles/BC_FreeRTOS.elf.dir/Core/Src/stm32f1xx_it.c.obj
                0x08001980                MemManage_Handler
 .text.BusFault_Handler
                0x08001982        0x2 CMakeFiles/BC_FreeRTOS.elf.dir/Core/Src/stm32f1xx_it.c.obj
                0x08001982                BusFault_Handler
 .text.UsageFault_Handler
                0x08001984        0x2 CMakeFiles/BC_FreeRTOS.elf.dir/Core/Src/stm32f1xx_it.c.obj
                0x08001984                UsageFault_Handler
 .text.DebugMon_Handler
                0x08001986        0x2 CMakeFiles/BC_FreeRTOS.elf.dir/Core/Src/stm32f1xx_it.c.obj
                0x08001986                DebugMon_Handler
 .text.DMA1_Channel4_IRQHandler
                0x08001988       0x10 CMakeFiles/BC_FreeRTOS.elf.dir/Core/Src/stm32f1xx_it.c.obj
                0x08001988                DMA1_Channel4_IRQHandler
 .text.DMA1_Channel6_IRQHandler
                0x08001998       0x10 CMakeFiles/BC_FreeRTOS.elf.dir/Core/Src/stm32f1xx_it.c.obj
                0x08001998                DMA1_Channel6_IRQHandler
 .text.TIM1_UP_IRQHandler
                0x080019a8       0x10 CMakeFiles/BC_FreeRTOS.elf.dir/Core/Src/stm32f1xx_it.c.obj
                0x080019a8                TIM1_UP_IRQHandler
 .text.SystemInit
                0x080019b8        0x2 CMakeFiles/BC_FreeRTOS.elf.dir/Core/Src/system_stm32f1xx.c.obj
                0x080019b8                SystemInit
 *fill*         0x080019ba        0x2 
 .text.TB6612Init
                0x080019bc       0x24 CMakeFiles/BC_FreeRTOS.elf.dir/Core/Src/tb6612.c.obj
                0x080019bc                TB6612Init
 .text.Motor_Left
                0x080019e0       0x68 CMakeFiles/BC_FreeRTOS.elf.dir/Core/Src/tb6612.c.obj
                0x080019e0                Motor_Left
 .text.Motor_Right
                0x08001a48       0x68 CMakeFiles/BC_FreeRTOS.elf.dir/Core/Src/tb6612.c.obj
                0x08001a48                Motor_Right
 .text.SetMotorDir
                0x08001ab0       0x1a CMakeFiles/BC_FreeRTOS.elf.dir/Core/Src/tb6612.c.obj
                0x08001ab0                SetMotorDir
 *fill*         0x08001aca        0x2 
 .text.MotorLimit
                0x08001acc       0x20 CMakeFiles/BC_FreeRTOS.elf.dir/Core/Src/tb6612.c.obj
                0x08001acc                MotorLimit
 .text.SetMotorSpeed
                0x08001aec       0x14 CMakeFiles/BC_FreeRTOS.elf.dir/Core/Src/tb6612.c.obj
                0x08001aec                SetMotorSpeed
 .text.MX_TIM2_Init
                0x08001b00       0x68 CMakeFiles/BC_FreeRTOS.elf.dir/Core/Src/tim.c.obj
                0x08001b00                MX_TIM2_Init
 .text.MX_TIM3_Init
                0x08001b68       0x64 CMakeFiles/BC_FreeRTOS.elf.dir/Core/Src/tim.c.obj
                0x08001b68                MX_TIM3_Init
 .text.HAL_TIM_Encoder_MspInit
                0x08001bcc       0xec CMakeFiles/BC_FreeRTOS.elf.dir/Core/Src/tim.c.obj
                0x08001bcc                HAL_TIM_Encoder_MspInit
 .text.HAL_TIM_PWM_MspInit
                0x08001cb8       0x2c CMakeFiles/BC_FreeRTOS.elf.dir/Core/Src/tim.c.obj
                0x08001cb8                HAL_TIM_PWM_MspInit
 .text.HAL_TIM_MspPostInit
                0x08001ce4       0x50 CMakeFiles/BC_FreeRTOS.elf.dir/Core/Src/tim.c.obj
                0x08001ce4                HAL_TIM_MspPostInit
 .text.MX_TIM4_Init
                0x08001d34       0x9c CMakeFiles/BC_FreeRTOS.elf.dir/Core/Src/tim.c.obj
                0x08001d34                MX_TIM4_Init
 .text.MX_USART1_UART_Init
                0x08001dd0       0x34 CMakeFiles/BC_FreeRTOS.elf.dir/Core/Src/usart.c.obj
                0x08001dd0                MX_USART1_UART_Init
 .text.MX_USART2_UART_Init
                0x08001e04       0x34 CMakeFiles/BC_FreeRTOS.elf.dir/Core/Src/usart.c.obj
                0x08001e04                MX_USART2_UART_Init
 .text.HAL_UART_MspInit
                0x08001e38      0x13c CMakeFiles/BC_FreeRTOS.elf.dir/Core/Src/usart.c.obj
                0x08001e38                HAL_UART_MspInit
 .text.MPU6050_Init
                0x08001f74       0xa0 CMakeFiles/BC_FreeRTOS.elf.dir/Drivers/MPU6050/nodmp_mpu6050.c.obj
                0x08001f74                MPU6050_Init
 .text.Kalman_getAngle
                0x08002014      0x1f2 CMakeFiles/BC_FreeRTOS.elf.dir/Drivers/MPU6050/nodmp_mpu6050.c.obj
                0x08002014                Kalman_getAngle
 *fill*         0x08002206        0x2 
 .text.MPU6050_Read_All
                0x08002208      0x29c CMakeFiles/BC_FreeRTOS.elf.dir/Drivers/MPU6050/nodmp_mpu6050.c.obj
                0x08002208                MPU6050_Read_All
 .text.ssd1306_write_command
                0x080024a4       0x2c CMakeFiles/BC_FreeRTOS.elf.dir/Drivers/SSD1306/ssd1306.c.obj
                0x080024a4                ssd1306_write_command
 .text.ssd1306_write_data
                0x080024d0       0x24 CMakeFiles/BC_FreeRTOS.elf.dir/Drivers/SSD1306/ssd1306.c.obj
                0x080024d0                ssd1306_write_data
 .text.charge_bump_setting
                0x080024f4       0x12 CMakeFiles/BC_FreeRTOS.elf.dir/Drivers/SSD1306/ssd1306.c.obj
                0x080024f4                charge_bump_setting
 .text.set_contrast_control
                0x08002506       0x12 CMakeFiles/BC_FreeRTOS.elf.dir/Drivers/SSD1306/ssd1306.c.obj
                0x08002506                set_contrast_control
 .text.entire_display_off
                0x08002518        0xa CMakeFiles/BC_FreeRTOS.elf.dir/Drivers/SSD1306/ssd1306.c.obj
                0x08002518                entire_display_off
 .text.set_normal_display
                0x08002522        0xa CMakeFiles/BC_FreeRTOS.elf.dir/Drivers/SSD1306/ssd1306.c.obj
                0x08002522                set_normal_display
 .text.set_display_on
                0x0800252c        0xa CMakeFiles/BC_FreeRTOS.elf.dir/Drivers/SSD1306/ssd1306.c.obj
                0x0800252c                set_display_on
 .text.set_lower_column_start_address_for_page_addressing_mode
                0x08002536        0x8 CMakeFiles/BC_FreeRTOS.elf.dir/Drivers/SSD1306/ssd1306.c.obj
                0x08002536                set_lower_column_start_address_for_page_addressing_mode
 .text.set_higher_column_start_address_for_page_addressing_mode
                0x0800253e        0x8 CMakeFiles/BC_FreeRTOS.elf.dir/Drivers/SSD1306/ssd1306.c.obj
                0x0800253e                set_higher_column_start_address_for_page_addressing_mode
 .text.set_page_start_address_for_page_addressing_mode
                0x08002546        0x8 CMakeFiles/BC_FreeRTOS.elf.dir/Drivers/SSD1306/ssd1306.c.obj
                0x08002546                set_page_start_address_for_page_addressing_mode
 .text.set_display_start_line
                0x0800254e        0x8 CMakeFiles/BC_FreeRTOS.elf.dir/Drivers/SSD1306/ssd1306.c.obj
                0x0800254e                set_display_start_line
 .text.set_segment_remap
                0x08002556        0x8 CMakeFiles/BC_FreeRTOS.elf.dir/Drivers/SSD1306/ssd1306.c.obj
                0x08002556                set_segment_remap
 .text.set_multiplex_ratio
                0x0800255e       0x12 CMakeFiles/BC_FreeRTOS.elf.dir/Drivers/SSD1306/ssd1306.c.obj
                0x0800255e                set_multiplex_ratio
 .text.set_com_output_scan_direction
                0x08002570        0x8 CMakeFiles/BC_FreeRTOS.elf.dir/Drivers/SSD1306/ssd1306.c.obj
                0x08002570                set_com_output_scan_direction
 .text.set_display_offset
                0x08002578       0x12 CMakeFiles/BC_FreeRTOS.elf.dir/Drivers/SSD1306/ssd1306.c.obj
                0x08002578                set_display_offset
 .text.set_com_pins_hardware_config
                0x0800258a       0x20 CMakeFiles/BC_FreeRTOS.elf.dir/Drivers/SSD1306/ssd1306.c.obj
                0x0800258a                set_com_pins_hardware_config
 .text.set_display_clock_divide_ratio_and_osc_freq
                0x080025aa       0x16 CMakeFiles/BC_FreeRTOS.elf.dir/Drivers/SSD1306/ssd1306.c.obj
                0x080025aa                set_display_clock_divide_ratio_and_osc_freq
 .text.ssd1306_update_screen
                0x080025c0       0x34 CMakeFiles/BC_FreeRTOS.elf.dir/Drivers/SSD1306/ssd1306.c.obj
                0x080025c0                ssd1306_update_screen
 .text.ssd1306_black_screen
                0x080025f4       0x20 CMakeFiles/BC_FreeRTOS.elf.dir/Drivers/SSD1306/ssd1306.c.obj
                0x080025f4                ssd1306_black_screen
 .text.ssd1306_black_pixel
                0x08002614       0x20 CMakeFiles/BC_FreeRTOS.elf.dir/Drivers/SSD1306/ssd1306.c.obj
                0x08002614                ssd1306_black_pixel
 .text.ssd1306_white_pixel
                0x08002634       0x1c CMakeFiles/BC_FreeRTOS.elf.dir/Drivers/SSD1306/ssd1306.c.obj
                0x08002634                ssd1306_white_pixel
 .text.ssd1306_write_char
                0x08002650       0xa8 CMakeFiles/BC_FreeRTOS.elf.dir/Drivers/SSD1306/ssd1306.c.obj
                0x08002650                ssd1306_write_char
 .text.ssd1306_write_string
                0x080026f8       0x38 CMakeFiles/BC_FreeRTOS.elf.dir/Drivers/SSD1306/ssd1306.c.obj
                0x080026f8                ssd1306_write_string
 .text.ssd1306_set_cursor
                0x08002730        0xc CMakeFiles/BC_FreeRTOS.elf.dir/Drivers/SSD1306/ssd1306.c.obj
                0x08002730                ssd1306_set_cursor
 .text.ssd1306_init
                0x0800273c       0x56 CMakeFiles/BC_FreeRTOS.elf.dir/Drivers/SSD1306/ssd1306.c.obj
                0x0800273c                ssd1306_init
 *fill*         0x08002792        0x2 
 .text.HAL_Init
                0x08002794       0x24 CMakeFiles/BC_FreeRTOS.elf.dir/Drivers/STM32F1xx_HAL_Driver/Src/stm32f1xx_hal.c.obj
                0x08002794                HAL_Init
 .text.HAL_IncTick
                0x080027b8       0x18 CMakeFiles/BC_FreeRTOS.elf.dir/Drivers/STM32F1xx_HAL_Driver/Src/stm32f1xx_hal.c.obj
                0x080027b8                HAL_IncTick
 .text.HAL_GetTick
                0x080027d0        0xc CMakeFiles/BC_FreeRTOS.elf.dir/Drivers/STM32F1xx_HAL_Driver/Src/stm32f1xx_hal.c.obj
                0x080027d0                HAL_GetTick
 .text.HAL_ADC_ConfigChannel
                0x080027dc      0x144 CMakeFiles/BC_FreeRTOS.elf.dir/Drivers/STM32F1xx_HAL_Driver/Src/stm32f1xx_hal_adc.c.obj
                0x080027dc                HAL_ADC_ConfigChannel
 .text.ADC_Enable
                0x08002920       0x88 CMakeFiles/BC_FreeRTOS.elf.dir/Drivers/STM32F1xx_HAL_Driver/Src/stm32f1xx_hal_adc.c.obj
                0x08002920                ADC_Enable
 .text.ADC_ConversionStop_Disable
                0x080029a8       0x56 CMakeFiles/BC_FreeRTOS.elf.dir/Drivers/STM32F1xx_HAL_Driver/Src/stm32f1xx_hal_adc.c.obj
                0x080029a8                ADC_ConversionStop_Disable
 *fill*         0x080029fe        0x2 
 .text.HAL_ADC_Init
                0x08002a00      0x108 CMakeFiles/BC_FreeRTOS.elf.dir/Drivers/STM32F1xx_HAL_Driver/Src/stm32f1xx_hal_adc.c.obj
                0x08002a00                HAL_ADC_Init
 .text.HAL_ADCEx_Calibration_Start
                0x08002b08      0x100 CMakeFiles/BC_FreeRTOS.elf.dir/Drivers/STM32F1xx_HAL_Driver/Src/stm32f1xx_hal_adc_ex.c.obj
                0x08002b08                HAL_ADCEx_Calibration_Start
 .text.HAL_NVIC_SetPriorityGrouping
                0x08002c08       0x24 CMakeFiles/BC_FreeRTOS.elf.dir/Drivers/STM32F1xx_HAL_Driver/Src/stm32f1xx_hal_cortex.c.obj
                0x08002c08                HAL_NVIC_SetPriorityGrouping
 .text.HAL_NVIC_SetPriority
                0x08002c2c       0x70 CMakeFiles/BC_FreeRTOS.elf.dir/Drivers/STM32F1xx_HAL_Driver/Src/stm32f1xx_hal_cortex.c.obj
                0x08002c2c                HAL_NVIC_SetPriority
 .text.HAL_NVIC_EnableIRQ
                0x08002c9c       0x1c CMakeFiles/BC_FreeRTOS.elf.dir/Drivers/STM32F1xx_HAL_Driver/Src/stm32f1xx_hal_cortex.c.obj
                0x08002c9c                HAL_NVIC_EnableIRQ
 .text.HAL_DMA_Init
                0x08002cb8       0x6c CMakeFiles/BC_FreeRTOS.elf.dir/Drivers/STM32F1xx_HAL_Driver/Src/stm32f1xx_hal_dma.c.obj
                0x08002cb8                HAL_DMA_Init
 .text.HAL_DMA_IRQHandler
                0x08002d24      0x144 CMakeFiles/BC_FreeRTOS.elf.dir/Drivers/STM32F1xx_HAL_Driver/Src/stm32f1xx_hal_dma.c.obj
                0x08002d24                HAL_DMA_IRQHandler
 .text.HAL_GPIO_Init
                0x08002e68      0x224 CMakeFiles/BC_FreeRTOS.elf.dir/Drivers/STM32F1xx_HAL_Driver/Src/stm32f1xx_hal_gpio.c.obj
                0x08002e68                HAL_GPIO_Init
 .text.HAL_GPIO_WritePin
                0x0800308c        0xc CMakeFiles/BC_FreeRTOS.elf.dir/Drivers/STM32F1xx_HAL_Driver/Src/stm32f1xx_hal_gpio.c.obj
                0x0800308c                HAL_GPIO_WritePin
 .text.I2C_IsAcknowledgeFailed
                0x08003098       0x32 CMakeFiles/BC_FreeRTOS.elf.dir/Drivers/STM32F1xx_HAL_Driver/Src/stm32f1xx_hal_i2c.c.obj
 .text.I2C_WaitOnFlagUntilTimeout
                0x080030ca       0x7c CMakeFiles/BC_FreeRTOS.elf.dir/Drivers/STM32F1xx_HAL_Driver/Src/stm32f1xx_hal_i2c.c.obj
 .text.I2C_WaitOnMasterAddressFlagUntilTimeout
                0x08003146       0xaa CMakeFiles/BC_FreeRTOS.elf.dir/Drivers/STM32F1xx_HAL_Driver/Src/stm32f1xx_hal_i2c.c.obj
 .text.I2C_WaitOnTXEFlagUntilTimeout
                0x080031f0       0x54 CMakeFiles/BC_FreeRTOS.elf.dir/Drivers/STM32F1xx_HAL_Driver/Src/stm32f1xx_hal_i2c.c.obj
 .text.I2C_RequestMemoryWrite
                0x08003244       0xd8 CMakeFiles/BC_FreeRTOS.elf.dir/Drivers/STM32F1xx_HAL_Driver/Src/stm32f1xx_hal_i2c.c.obj
 .text.I2C_RequestMemoryRead
                0x0800331c      0x154 CMakeFiles/BC_FreeRTOS.elf.dir/Drivers/STM32F1xx_HAL_Driver/Src/stm32f1xx_hal_i2c.c.obj
 .text.I2C_WaitOnBTFFlagUntilTimeout
                0x08003470       0x54 CMakeFiles/BC_FreeRTOS.elf.dir/Drivers/STM32F1xx_HAL_Driver/Src/stm32f1xx_hal_i2c.c.obj
 .text.I2C_WaitOnRXNEFlagUntilTimeout
                0x080034c4       0x6a CMakeFiles/BC_FreeRTOS.elf.dir/Drivers/STM32F1xx_HAL_Driver/Src/stm32f1xx_hal_i2c.c.obj
 *fill*         0x0800352e        0x2 
 .text.HAL_I2C_Init
                0x08003530      0x1bc CMakeFiles/BC_FreeRTOS.elf.dir/Drivers/STM32F1xx_HAL_Driver/Src/stm32f1xx_hal_i2c.c.obj
                0x08003530                HAL_I2C_Init
 .text.HAL_I2C_Mem_Write
                0x080036ec      0x164 CMakeFiles/BC_FreeRTOS.elf.dir/Drivers/STM32F1xx_HAL_Driver/Src/stm32f1xx_hal_i2c.c.obj
                0x080036ec                HAL_I2C_Mem_Write
 .text.HAL_I2C_Mem_Read
                0x08003850      0x348 CMakeFiles/BC_FreeRTOS.elf.dir/Drivers/STM32F1xx_HAL_Driver/Src/stm32f1xx_hal_i2c.c.obj
                0x08003850                HAL_I2C_Mem_Read
 .text.RCC_Delay
                0x08003b98       0x2c CMakeFiles/BC_FreeRTOS.elf.dir/Drivers/STM32F1xx_HAL_Driver/Src/stm32f1xx_hal_rcc.c.obj
 .text.HAL_RCC_OscConfig
                0x08003bc4      0x410 CMakeFiles/BC_FreeRTOS.elf.dir/Drivers/STM32F1xx_HAL_Driver/Src/stm32f1xx_hal_rcc.c.obj
                0x08003bc4                HAL_RCC_OscConfig
 .text.HAL_RCC_GetSysClockFreq
                0x08003fd4       0x70 CMakeFiles/BC_FreeRTOS.elf.dir/Drivers/STM32F1xx_HAL_Driver/Src/stm32f1xx_hal_rcc.c.obj
                0x08003fd4                HAL_RCC_GetSysClockFreq
 .text.HAL_RCC_ClockConfig
                0x08004044      0x16c CMakeFiles/BC_FreeRTOS.elf.dir/Drivers/STM32F1xx_HAL_Driver/Src/stm32f1xx_hal_rcc.c.obj
                0x08004044                HAL_RCC_ClockConfig
 .text.HAL_RCC_GetHCLKFreq
                0x080041b0        0xc CMakeFiles/BC_FreeRTOS.elf.dir/Drivers/STM32F1xx_HAL_Driver/Src/stm32f1xx_hal_rcc.c.obj
                0x080041b0                HAL_RCC_GetHCLKFreq
 .text.HAL_RCC_GetPCLK1Freq
                0x080041bc       0x20 CMakeFiles/BC_FreeRTOS.elf.dir/Drivers/STM32F1xx_HAL_Driver/Src/stm32f1xx_hal_rcc.c.obj
                0x080041bc                HAL_RCC_GetPCLK1Freq
 .text.HAL_RCC_GetPCLK2Freq
                0x080041dc       0x20 CMakeFiles/BC_FreeRTOS.elf.dir/Drivers/STM32F1xx_HAL_Driver/Src/stm32f1xx_hal_rcc.c.obj
                0x080041dc                HAL_RCC_GetPCLK2Freq
 .text.HAL_RCC_GetClockConfig
                0x080041fc       0x3c CMakeFiles/BC_FreeRTOS.elf.dir/Drivers/STM32F1xx_HAL_Driver/Src/stm32f1xx_hal_rcc.c.obj
                0x080041fc                HAL_RCC_GetClockConfig
 .text.HAL_RCCEx_PeriphCLKConfig
                0x08004238      0x118 CMakeFiles/BC_FreeRTOS.elf.dir/Drivers/STM32F1xx_HAL_Driver/Src/stm32f1xx_hal_rcc_ex.c.obj
                0x08004238                HAL_RCCEx_PeriphCLKConfig
 .text.HAL_RCCEx_GetPeriphCLKFreq
                0x08004350      0x100 CMakeFiles/BC_FreeRTOS.elf.dir/Drivers/STM32F1xx_HAL_Driver/Src/stm32f1xx_hal_rcc_ex.c.obj
                0x08004350                HAL_RCCEx_GetPeriphCLKFreq
 .text.TIM_OC1_SetConfig
                0x08004450       0x5c CMakeFiles/BC_FreeRTOS.elf.dir/Drivers/STM32F1xx_HAL_Driver/Src/stm32f1xx_hal_tim.c.obj
 .text.TIM_OC3_SetConfig
                0x080044ac       0x64 CMakeFiles/BC_FreeRTOS.elf.dir/Drivers/STM32F1xx_HAL_Driver/Src/stm32f1xx_hal_tim.c.obj
 .text.TIM_OC4_SetConfig
                0x08004510       0x48 CMakeFiles/BC_FreeRTOS.elf.dir/Drivers/STM32F1xx_HAL_Driver/Src/stm32f1xx_hal_tim.c.obj
 .text.HAL_TIM_Base_MspInit
                0x08004558        0x2 CMakeFiles/BC_FreeRTOS.elf.dir/Drivers/STM32F1xx_HAL_Driver/Src/stm32f1xx_hal_tim.c.obj
                0x08004558                HAL_TIM_Base_MspInit
 *fill*         0x0800455a        0x2 
 .text.HAL_TIM_Base_Start_IT
                0x0800455c       0x68 CMakeFiles/BC_FreeRTOS.elf.dir/Drivers/STM32F1xx_HAL_Driver/Src/stm32f1xx_hal_tim.c.obj
                0x0800455c                HAL_TIM_Base_Start_IT
 .text.HAL_TIM_OC_DelayElapsedCallback
                0x080045c4        0x2 CMakeFiles/BC_FreeRTOS.elf.dir/Drivers/STM32F1xx_HAL_Driver/Src/stm32f1xx_hal_tim.c.obj
                0x080045c4                HAL_TIM_OC_DelayElapsedCallback
 .text.HAL_TIM_IC_CaptureCallback
                0x080045c6        0x2 CMakeFiles/BC_FreeRTOS.elf.dir/Drivers/STM32F1xx_HAL_Driver/Src/stm32f1xx_hal_tim.c.obj
                0x080045c6                HAL_TIM_IC_CaptureCallback
 .text.HAL_TIM_PWM_PulseFinishedCallback
                0x080045c8        0x2 CMakeFiles/BC_FreeRTOS.elf.dir/Drivers/STM32F1xx_HAL_Driver/Src/stm32f1xx_hal_tim.c.obj
                0x080045c8                HAL_TIM_PWM_PulseFinishedCallback
 .text.HAL_TIM_TriggerCallback
                0x080045ca        0x2 CMakeFiles/BC_FreeRTOS.elf.dir/Drivers/STM32F1xx_HAL_Driver/Src/stm32f1xx_hal_tim.c.obj
                0x080045ca                HAL_TIM_TriggerCallback
 .text.HAL_TIM_IRQHandler
                0x080045cc      0x17a CMakeFiles/BC_FreeRTOS.elf.dir/Drivers/STM32F1xx_HAL_Driver/Src/stm32f1xx_hal_tim.c.obj
                0x080045cc                HAL_TIM_IRQHandler
 *fill*         0x08004746        0x2 
 .text.TIM_Base_SetConfig
                0x08004748       0x74 CMakeFiles/BC_FreeRTOS.elf.dir/Drivers/STM32F1xx_HAL_Driver/Src/stm32f1xx_hal_tim.c.obj
                0x08004748                TIM_Base_SetConfig
 .text.HAL_TIM_Base_Init
                0x080047bc       0x58 CMakeFiles/BC_FreeRTOS.elf.dir/Drivers/STM32F1xx_HAL_Driver/Src/stm32f1xx_hal_tim.c.obj
                0x080047bc                HAL_TIM_Base_Init
 .text.HAL_TIM_PWM_Init
                0x08004814       0x58 CMakeFiles/BC_FreeRTOS.elf.dir/Drivers/STM32F1xx_HAL_Driver/Src/stm32f1xx_hal_tim.c.obj
                0x08004814                HAL_TIM_PWM_Init
 .text.HAL_TIM_Encoder_Init
                0x0800486c       0xb8 CMakeFiles/BC_FreeRTOS.elf.dir/Drivers/STM32F1xx_HAL_Driver/Src/stm32f1xx_hal_tim.c.obj
                0x0800486c                HAL_TIM_Encoder_Init
 .text.TIM_OC2_SetConfig
                0x08004924       0x64 CMakeFiles/BC_FreeRTOS.elf.dir/Drivers/STM32F1xx_HAL_Driver/Src/stm32f1xx_hal_tim.c.obj
                0x08004924                TIM_OC2_SetConfig
 .text.HAL_TIM_PWM_ConfigChannel
                0x08004988       0xd0 CMakeFiles/BC_FreeRTOS.elf.dir/Drivers/STM32F1xx_HAL_Driver/Src/stm32f1xx_hal_tim.c.obj
                0x08004988                HAL_TIM_PWM_ConfigChannel
 .text.TIM_CCxChannelCmd
                0x08004a58       0x1e CMakeFiles/BC_FreeRTOS.elf.dir/Drivers/STM32F1xx_HAL_Driver/Src/stm32f1xx_hal_tim.c.obj
                0x08004a58                TIM_CCxChannelCmd
 *fill*         0x08004a76        0x2 
 .text.HAL_TIM_PWM_Start
                0x08004a78       0xdc CMakeFiles/BC_FreeRTOS.elf.dir/Drivers/STM32F1xx_HAL_Driver/Src/stm32f1xx_hal_tim.c.obj
                0x08004a78                HAL_TIM_PWM_Start
 .text.HAL_TIM_Encoder_Start
                0x08004b54       0xcc CMakeFiles/BC_FreeRTOS.elf.dir/Drivers/STM32F1xx_HAL_Driver/Src/stm32f1xx_hal_tim.c.obj
                0x08004b54                HAL_TIM_Encoder_Start
 .text.HAL_TIMEx_MasterConfigSynchronization
                0x08004c20       0x6c CMakeFiles/BC_FreeRTOS.elf.dir/Drivers/STM32F1xx_HAL_Driver/Src/stm32f1xx_hal_tim_ex.c.obj
                0x08004c20                HAL_TIMEx_MasterConfigSynchronization
 .text.HAL_TIMEx_CommutCallback
                0x08004c8c        0x2 CMakeFiles/BC_FreeRTOS.elf.dir/Drivers/STM32F1xx_HAL_Driver/Src/stm32f1xx_hal_tim_ex.c.obj
                0x08004c8c                HAL_TIMEx_CommutCallback
 .text.HAL_TIMEx_BreakCallback
                0x08004c8e        0x2 CMakeFiles/BC_FreeRTOS.elf.dir/Drivers/STM32F1xx_HAL_Driver/Src/stm32f1xx_hal_tim_ex.c.obj
                0x08004c8e                HAL_TIMEx_BreakCallback
 .text.UART_SetConfig
                0x08004c90       0x94 CMakeFiles/BC_FreeRTOS.elf.dir/Drivers/STM32F1xx_HAL_Driver/Src/stm32f1xx_hal_uart.c.obj
 .text.HAL_UART_Init
                0x08004d24       0x5e CMakeFiles/BC_FreeRTOS.elf.dir/Drivers/STM32F1xx_HAL_Driver/Src/stm32f1xx_hal_uart.c.obj
                0x08004d24                HAL_UART_Init
 *fill*         0x08004d82        0x2 
 .text.osKernelInitialize
                0x08004d84       0x44 CMakeFiles/BC_FreeRTOS.elf.dir/Middlewares/Third_Party/FreeRTOS/Source/CMSIS_RTOS_V2/cmsis_os2.c.obj
                0x08004d84                osKernelInitialize
 .text.osKernelStart
                0x08004dc8       0x4c CMakeFiles/BC_FreeRTOS.elf.dir/Middlewares/Third_Party/FreeRTOS/Source/CMSIS_RTOS_V2/cmsis_os2.c.obj
                0x08004dc8                osKernelStart
 .text.osThreadNew
                0x08004e14       0xec CMakeFiles/BC_FreeRTOS.elf.dir/Middlewares/Third_Party/FreeRTOS/Source/CMSIS_RTOS_V2/cmsis_os2.c.obj
                0x08004e14                osThreadNew
 .text.osThreadExit
                0x08004f00        0xa CMakeFiles/BC_FreeRTOS.elf.dir/Middlewares/Third_Party/FreeRTOS/Source/CMSIS_RTOS_V2/cmsis_os2.c.obj
                0x08004f00                osThreadExit
 *fill*         0x08004f0a        0x2 
 .text.osDelay  0x08004f0c       0x44 CMakeFiles/BC_FreeRTOS.elf.dir/Middlewares/Third_Party/FreeRTOS/Source/CMSIS_RTOS_V2/cmsis_os2.c.obj
                0x08004f0c                osDelay
 .text.osMutexNew
                0x08004f50       0xbc CMakeFiles/BC_FreeRTOS.elf.dir/Middlewares/Third_Party/FreeRTOS/Source/CMSIS_RTOS_V2/cmsis_os2.c.obj
                0x08004f50                osMutexNew
 .text.osMessageQueueNew
                0x0800500c       0xbc CMakeFiles/BC_FreeRTOS.elf.dir/Middlewares/Third_Party/FreeRTOS/Source/CMSIS_RTOS_V2/cmsis_os2.c.obj
                0x0800500c                osMessageQueueNew
 .text.osMessageQueuePut
                0x080050c8       0xa0 CMakeFiles/BC_FreeRTOS.elf.dir/Middlewares/Third_Party/FreeRTOS/Source/CMSIS_RTOS_V2/cmsis_os2.c.obj
                0x080050c8                osMessageQueuePut
 .text.osMessageQueueGet
                0x08005168       0x9c CMakeFiles/BC_FreeRTOS.elf.dir/Middlewares/Third_Party/FreeRTOS/Source/CMSIS_RTOS_V2/cmsis_os2.c.obj
                0x08005168                osMessageQueueGet
 .text.vApplicationGetIdleTaskMemory
                0x08005204       0x18 CMakeFiles/BC_FreeRTOS.elf.dir/Middlewares/Third_Party/FreeRTOS/Source/CMSIS_RTOS_V2/cmsis_os2.c.obj
                0x08005204                vApplicationGetIdleTaskMemory
 .text.vApplicationGetTimerTaskMemory
                0x0800521c       0x18 CMakeFiles/BC_FreeRTOS.elf.dir/Middlewares/Third_Party/FreeRTOS/Source/CMSIS_RTOS_V2/cmsis_os2.c.obj
                0x0800521c                vApplicationGetTimerTaskMemory
 .text.vListInitialise
                0x08005234       0x16 CMakeFiles/BC_FreeRTOS.elf.dir/Middlewares/Third_Party/FreeRTOS/Source/list.c.obj
                0x08005234                vListInitialise
 .text.vListInitialiseItem
                0x0800524a        0x6 CMakeFiles/BC_FreeRTOS.elf.dir/Middlewares/Third_Party/FreeRTOS/Source/list.c.obj
                0x0800524a                vListInitialiseItem
 .text.vListInsertEnd
                0x08005250       0x16 CMakeFiles/BC_FreeRTOS.elf.dir/Middlewares/Third_Party/FreeRTOS/Source/list.c.obj
                0x08005250                vListInsertEnd
 .text.vListInsert
                0x08005266       0x32 CMakeFiles/BC_FreeRTOS.elf.dir/Middlewares/Third_Party/FreeRTOS/Source/list.c.obj
                0x08005266                vListInsert
 .text.uxListRemove
                0x08005298       0x26 CMakeFiles/BC_FreeRTOS.elf.dir/Middlewares/Third_Party/FreeRTOS/Source/list.c.obj
                0x08005298                uxListRemove
 *fill*         0x080052be        0x2 
 .text.prvTaskExitError
                0x080052c0       0x40 CMakeFiles/BC_FreeRTOS.elf.dir/Middlewares/Third_Party/FreeRTOS/Source/portable/GCC/ARM_CM3/port.c.obj
 .text.prvPortStartFirstTask
                0x08005300       0x20 CMakeFiles/BC_FreeRTOS.elf.dir/Middlewares/Third_Party/FreeRTOS/Source/portable/GCC/ARM_CM3/port.c.obj
 .text.pxPortInitialiseStack
                0x08005320       0x24 CMakeFiles/BC_FreeRTOS.elf.dir/Middlewares/Third_Party/FreeRTOS/Source/portable/GCC/ARM_CM3/port.c.obj
                0x08005320                pxPortInitialiseStack
 *fill*         0x08005344        0xc 
 .text.SVC_Handler
                0x08005350       0x24 CMakeFiles/BC_FreeRTOS.elf.dir/Middlewares/Third_Party/FreeRTOS/Source/portable/GCC/ARM_CM3/port.c.obj
                0x08005350                SVC_Handler
 .text.vPortEnterCritical
                0x08005374       0x44 CMakeFiles/BC_FreeRTOS.elf.dir/Middlewares/Third_Party/FreeRTOS/Source/portable/GCC/ARM_CM3/port.c.obj
                0x08005374                vPortEnterCritical
 .text.vPortExitCritical
                0x080053b8       0x2c CMakeFiles/BC_FreeRTOS.elf.dir/Middlewares/Third_Party/FreeRTOS/Source/portable/GCC/ARM_CM3/port.c.obj
                0x080053b8                vPortExitCritical
 *fill*         0x080053e4        0xc 
 .text.PendSV_Handler
                0x080053f0       0x44 CMakeFiles/BC_FreeRTOS.elf.dir/Middlewares/Third_Party/FreeRTOS/Source/portable/GCC/ARM_CM3/port.c.obj
                0x080053f0                PendSV_Handler
 .text.SysTick_Handler
                0x08005434       0x2c CMakeFiles/BC_FreeRTOS.elf.dir/Middlewares/Third_Party/FreeRTOS/Source/portable/GCC/ARM_CM3/port.c.obj
                0x08005434                SysTick_Handler
 .text.vPortSetupTimerInterrupt
                0x08005460       0x28 CMakeFiles/BC_FreeRTOS.elf.dir/Middlewares/Third_Party/FreeRTOS/Source/portable/GCC/ARM_CM3/port.c.obj
                0x08005460                vPortSetupTimerInterrupt
 .text.xPortStartScheduler
                0x08005488       0xc0 CMakeFiles/BC_FreeRTOS.elf.dir/Middlewares/Third_Party/FreeRTOS/Source/portable/GCC/ARM_CM3/port.c.obj
                0x08005488                xPortStartScheduler
 .text.vPortValidateInterruptPriority
                0x08005548       0x5c CMakeFiles/BC_FreeRTOS.elf.dir/Middlewares/Third_Party/FreeRTOS/Source/portable/GCC/ARM_CM3/port.c.obj
                0x08005548                vPortValidateInterruptPriority
 .text._sbrk_r  0x080055a4       0x80 CMakeFiles/BC_FreeRTOS.elf.dir/Middlewares/Third_Party/FreeRTOS/Source/portable/MemMang/heap_useNewlib_ST.c.obj
                0x080055a4                _sbrk_r
 .text.__malloc_lock
                0x08005624       0x20 CMakeFiles/BC_FreeRTOS.elf.dir/Middlewares/Third_Party/FreeRTOS/Source/portable/MemMang/heap_useNewlib_ST.c.obj
                0x08005624                __malloc_lock
 .text.__malloc_unlock
                0x08005644        0x8 CMakeFiles/BC_FreeRTOS.elf.dir/Middlewares/Third_Party/FreeRTOS/Source/portable/MemMang/heap_useNewlib_ST.c.obj
                0x08005644                __malloc_unlock
 .text.pvPortMalloc
                0x0800564c        0x8 CMakeFiles/BC_FreeRTOS.elf.dir/Middlewares/Third_Party/FreeRTOS/Source/portable/MemMang/heap_useNewlib_ST.c.obj
                0x0800564c                pvPortMalloc
 .text.vPortFree
                0x08005654        0x8 CMakeFiles/BC_FreeRTOS.elf.dir/Middlewares/Third_Party/FreeRTOS/Source/portable/MemMang/heap_useNewlib_ST.c.obj
                0x08005654                vPortFree
 .text.prvIsQueueFull
                0x0800565c       0x1e CMakeFiles/BC_FreeRTOS.elf.dir/Middlewares/Third_Party/FreeRTOS/Source/queue.c.obj
 .text.prvIsQueueEmpty
                0x0800567a       0x1a CMakeFiles/BC_FreeRTOS.elf.dir/Middlewares/Third_Party/FreeRTOS/Source/queue.c.obj
 .text.prvCopyDataToQueue
                0x08005694       0x76 CMakeFiles/BC_FreeRTOS.elf.dir/Middlewares/Third_Party/FreeRTOS/Source/queue.c.obj
 .text.prvCopyDataFromQueue
                0x0800570a       0x24 CMakeFiles/BC_FreeRTOS.elf.dir/Middlewares/Third_Party/FreeRTOS/Source/queue.c.obj
 .text.prvUnlockQueue
                0x0800572e       0x6e CMakeFiles/BC_FreeRTOS.elf.dir/Middlewares/Third_Party/FreeRTOS/Source/queue.c.obj
 .text.xQueueGenericReset
                0x0800579c       0x84 CMakeFiles/BC_FreeRTOS.elf.dir/Middlewares/Third_Party/FreeRTOS/Source/queue.c.obj
                0x0800579c                xQueueGenericReset
 .text.prvInitialiseNewQueue
                0x08005820       0x22 CMakeFiles/BC_FreeRTOS.elf.dir/Middlewares/Third_Party/FreeRTOS/Source/queue.c.obj
 .text.xQueueGenericCreateStatic
                0x08005842       0x92 CMakeFiles/BC_FreeRTOS.elf.dir/Middlewares/Third_Party/FreeRTOS/Source/queue.c.obj
                0x08005842                xQueueGenericCreateStatic
 .text.xQueueGenericCreate
                0x080058d4       0x4e CMakeFiles/BC_FreeRTOS.elf.dir/Middlewares/Third_Party/FreeRTOS/Source/queue.c.obj
                0x080058d4                xQueueGenericCreate
 .text.xQueueGenericSend
                0x08005922      0x188 CMakeFiles/BC_FreeRTOS.elf.dir/Middlewares/Third_Party/FreeRTOS/Source/queue.c.obj
                0x08005922                xQueueGenericSend
 .text.prvInitialiseMutex
                0x08005aaa       0x18 CMakeFiles/BC_FreeRTOS.elf.dir/Middlewares/Third_Party/FreeRTOS/Source/queue.c.obj
 .text.xQueueCreateMutex
                0x08005ac2       0x16 CMakeFiles/BC_FreeRTOS.elf.dir/Middlewares/Third_Party/FreeRTOS/Source/queue.c.obj
                0x08005ac2                xQueueCreateMutex
 .text.xQueueCreateMutexStatic
                0x08005ad8       0x1e CMakeFiles/BC_FreeRTOS.elf.dir/Middlewares/Third_Party/FreeRTOS/Source/queue.c.obj
                0x08005ad8                xQueueCreateMutexStatic
 .text.xQueueGenericSendFromISR
                0x08005af6       0xcc CMakeFiles/BC_FreeRTOS.elf.dir/Middlewares/Third_Party/FreeRTOS/Source/queue.c.obj
                0x08005af6                xQueueGenericSendFromISR
 .text.xQueueReceive
                0x08005bc2      0x15e CMakeFiles/BC_FreeRTOS.elf.dir/Middlewares/Third_Party/FreeRTOS/Source/queue.c.obj
                0x08005bc2                xQueueReceive
 .text.xQueueReceiveFromISR
                0x08005d20       0xa8 CMakeFiles/BC_FreeRTOS.elf.dir/Middlewares/Third_Party/FreeRTOS/Source/queue.c.obj
                0x08005d20                xQueueReceiveFromISR
 .text.vQueueAddToRegistry
                0x08005dc8       0x28 CMakeFiles/BC_FreeRTOS.elf.dir/Middlewares/Third_Party/FreeRTOS/Source/queue.c.obj
                0x08005dc8                vQueueAddToRegistry
 .text.vQueueWaitForMessageRestricted
                0x08005df0       0x52 CMakeFiles/BC_FreeRTOS.elf.dir/Middlewares/Third_Party/FreeRTOS/Source/queue.c.obj
                0x08005df0                vQueueWaitForMessageRestricted
 *fill*         0x08005e42        0x2 
 .text.prvResetNextTaskUnblockTime
                0x08005e44       0x2c CMakeFiles/BC_FreeRTOS.elf.dir/Middlewares/Third_Party/FreeRTOS/Source/tasks.c.obj
 .text.prvInitialiseNewTask
                0x08005e70       0x9c CMakeFiles/BC_FreeRTOS.elf.dir/Middlewares/Third_Party/FreeRTOS/Source/tasks.c.obj
 .text.prvInitialiseTaskLists
                0x08005f0c       0x68 CMakeFiles/BC_FreeRTOS.elf.dir/Middlewares/Third_Party/FreeRTOS/Source/tasks.c.obj
 .text.prvAddNewTaskToReadyList
                0x08005f74       0xac CMakeFiles/BC_FreeRTOS.elf.dir/Middlewares/Third_Party/FreeRTOS/Source/tasks.c.obj
 .text.prvDeleteTCB
                0x08006020       0x38 CMakeFiles/BC_FreeRTOS.elf.dir/Middlewares/Third_Party/FreeRTOS/Source/tasks.c.obj
 .text.prvCheckTasksWaitingTermination
                0x08006058       0x4c CMakeFiles/BC_FreeRTOS.elf.dir/Middlewares/Third_Party/FreeRTOS/Source/tasks.c.obj
 .text.prvIdleTask
                0x080060a4       0x28 CMakeFiles/BC_FreeRTOS.elf.dir/Middlewares/Third_Party/FreeRTOS/Source/tasks.c.obj
 .text.prvAddCurrentTaskToDelayedList
                0x080060cc       0x7c CMakeFiles/BC_FreeRTOS.elf.dir/Middlewares/Third_Party/FreeRTOS/Source/tasks.c.obj
 .text.xTaskCreateStatic
                0x08006148       0x74 CMakeFiles/BC_FreeRTOS.elf.dir/Middlewares/Third_Party/FreeRTOS/Source/tasks.c.obj
                0x08006148                xTaskCreateStatic
 .text.xTaskCreate
                0x080061bc       0x68 CMakeFiles/BC_FreeRTOS.elf.dir/Middlewares/Third_Party/FreeRTOS/Source/tasks.c.obj
                0x080061bc                xTaskCreate
 .text.vTaskDelete
                0x08006224       0xb8 CMakeFiles/BC_FreeRTOS.elf.dir/Middlewares/Third_Party/FreeRTOS/Source/tasks.c.obj
                0x08006224                vTaskDelete
 .text.vTaskStartScheduler
                0x080062dc       0x9c CMakeFiles/BC_FreeRTOS.elf.dir/Middlewares/Third_Party/FreeRTOS/Source/tasks.c.obj
                0x080062dc                vTaskStartScheduler
 .text.vTaskSuspendAll
                0x08006378       0x10 CMakeFiles/BC_FreeRTOS.elf.dir/Middlewares/Third_Party/FreeRTOS/Source/tasks.c.obj
                0x08006378                vTaskSuspendAll
 .text.xTaskGetTickCount
                0x08006388        0xc CMakeFiles/BC_FreeRTOS.elf.dir/Middlewares/Third_Party/FreeRTOS/Source/tasks.c.obj
                0x08006388                xTaskGetTickCount
 .text.xTaskIncrementTick
                0x08006394      0x118 CMakeFiles/BC_FreeRTOS.elf.dir/Middlewares/Third_Party/FreeRTOS/Source/tasks.c.obj
                0x08006394                xTaskIncrementTick
 .text.xTaskResumeAll
                0x080064ac       0xf8 CMakeFiles/BC_FreeRTOS.elf.dir/Middlewares/Third_Party/FreeRTOS/Source/tasks.c.obj
                0x080064ac                xTaskResumeAll
 .text.vTaskDelay
                0x080065a4       0x4c CMakeFiles/BC_FreeRTOS.elf.dir/Middlewares/Third_Party/FreeRTOS/Source/tasks.c.obj
                0x080065a4                vTaskDelay
 .text.vTaskSwitchContext
                0x080065f0       0x94 CMakeFiles/BC_FreeRTOS.elf.dir/Middlewares/Third_Party/FreeRTOS/Source/tasks.c.obj
                0x080065f0                vTaskSwitchContext
 .text.vTaskPlaceOnEventList
                0x08006684       0x30 CMakeFiles/BC_FreeRTOS.elf.dir/Middlewares/Third_Party/FreeRTOS/Source/tasks.c.obj
                0x08006684                vTaskPlaceOnEventList
 .text.vTaskPlaceOnEventListRestricted
                0x080066b4       0x38 CMakeFiles/BC_FreeRTOS.elf.dir/Middlewares/Third_Party/FreeRTOS/Source/tasks.c.obj
                0x080066b4                vTaskPlaceOnEventListRestricted
 .text.xTaskRemoveFromEventList
                0x080066ec       0x8c CMakeFiles/BC_FreeRTOS.elf.dir/Middlewares/Third_Party/FreeRTOS/Source/tasks.c.obj
                0x080066ec                xTaskRemoveFromEventList
 .text.vTaskInternalSetTimeOutState
                0x08006778       0x18 CMakeFiles/BC_FreeRTOS.elf.dir/Middlewares/Third_Party/FreeRTOS/Source/tasks.c.obj
                0x08006778                vTaskInternalSetTimeOutState
 .text.xTaskCheckForTimeOut
                0x08006790       0x84 CMakeFiles/BC_FreeRTOS.elf.dir/Middlewares/Third_Party/FreeRTOS/Source/tasks.c.obj
                0x08006790                xTaskCheckForTimeOut
 .text.vTaskMissedYield
                0x08006814        0xc CMakeFiles/BC_FreeRTOS.elf.dir/Middlewares/Third_Party/FreeRTOS/Source/tasks.c.obj
                0x08006814                vTaskMissedYield
 .text.xTaskGetSchedulerState
                0x08006820       0x20 CMakeFiles/BC_FreeRTOS.elf.dir/Middlewares/Third_Party/FreeRTOS/Source/tasks.c.obj
                0x08006820                xTaskGetSchedulerState
 .text.xTaskPriorityDisinherit
                0x08006840       0x90 CMakeFiles/BC_FreeRTOS.elf.dir/Middlewares/Third_Party/FreeRTOS/Source/tasks.c.obj
                0x08006840                xTaskPriorityDisinherit
 .text.prvGetNextExpireTime
                0x080068d0       0x20 CMakeFiles/BC_FreeRTOS.elf.dir/Middlewares/Third_Party/FreeRTOS/Source/timers.c.obj
 .text.prvInsertTimerInActiveList
                0x080068f0       0x48 CMakeFiles/BC_FreeRTOS.elf.dir/Middlewares/Third_Party/FreeRTOS/Source/timers.c.obj
 .text.prvCheckForValidListAndQueue
                0x08006938       0x70 CMakeFiles/BC_FreeRTOS.elf.dir/Middlewares/Third_Party/FreeRTOS/Source/timers.c.obj
 .text.xTimerCreateTimerTask
                0x080069a8       0x64 CMakeFiles/BC_FreeRTOS.elf.dir/Middlewares/Third_Party/FreeRTOS/Source/timers.c.obj
                0x080069a8                xTimerCreateTimerTask
 .text.xTimerGenericCommand
                0x08006a0c       0x6c CMakeFiles/BC_FreeRTOS.elf.dir/Middlewares/Third_Party/FreeRTOS/Source/timers.c.obj
                0x08006a0c                xTimerGenericCommand
 .text.prvSwitchTimerLists
                0x08006a78       0x78 CMakeFiles/BC_FreeRTOS.elf.dir/Middlewares/Third_Party/FreeRTOS/Source/timers.c.obj
 .text.prvSampleTimeNow
                0x08006af0       0x2c CMakeFiles/BC_FreeRTOS.elf.dir/Middlewares/Third_Party/FreeRTOS/Source/timers.c.obj
 .text.prvProcessExpiredTimer
                0x08006b1c       0x60 CMakeFiles/BC_FreeRTOS.elf.dir/Middlewares/Third_Party/FreeRTOS/Source/timers.c.obj
 .text.prvProcessTimerOrBlockTask
                0x08006b7c       0x74 CMakeFiles/BC_FreeRTOS.elf.dir/Middlewares/Third_Party/FreeRTOS/Source/timers.c.obj
 .text.prvProcessReceivedCommands
                0x08006bf0       0xf8 CMakeFiles/BC_FreeRTOS.elf.dir/Middlewares/Third_Party/FreeRTOS/Source/timers.c.obj
 .text.prvTimerTask
                0x08006ce8       0x16 CMakeFiles/BC_FreeRTOS.elf.dir/Middlewares/Third_Party/FreeRTOS/Source/timers.c.obj
 *fill*         0x08006cfe        0x2 
 .text.Reset_Handler
                0x08006d00       0x48 CMakeFiles/BC_FreeRTOS.elf.dir/startup/startup_stm32f103xb.s.obj
                0x08006d00                Reset_Handler
 .text.Default_Handler
                0x08006d48        0x2 CMakeFiles/BC_FreeRTOS.elf.dir/startup/startup_stm32f103xb.s.obj
                0x08006d48                RTC_Alarm_IRQHandler
                0x08006d48                EXTI2_IRQHandler
                0x08006d48                TIM1_CC_IRQHandler
                0x08006d48                PVD_IRQHandler
                0x08006d48                EXTI3_IRQHandler
                0x08006d48                EXTI0_IRQHandler
                0x08006d48                I2C2_EV_IRQHandler
                0x08006d48                ADC1_2_IRQHandler
                0x08006d48                SPI1_IRQHandler
                0x08006d48                TAMPER_IRQHandler
                0x08006d48                USART3_IRQHandler
                0x08006d48                RTC_IRQHandler
                0x08006d48                DMA1_Channel7_IRQHandler
                0x08006d48                CAN1_RX1_IRQHandler
                0x08006d48                TIM4_IRQHandler
                0x08006d48                I2C1_EV_IRQHandler
                0x08006d48                TIM3_IRQHandler
                0x08006d48                RCC_IRQHandler
                0x08006d48                TIM1_TRG_COM_IRQHandler
                0x08006d48                DMA1_Channel1_IRQHandler
                0x08006d48                Default_Handler
                0x08006d48                EXTI15_10_IRQHandler
                0x08006d48                EXTI9_5_IRQHandler
                0x08006d48                SPI2_IRQHandler
                0x08006d48                DMA1_Channel5_IRQHandler
                0x08006d48                EXTI4_IRQHandler
                0x08006d48                USB_LP_CAN1_RX0_IRQHandler
                0x08006d48                USB_HP_CAN1_TX_IRQHandler
                0x08006d48                DMA1_Channel3_IRQHandler
                0x08006d48                WWDG_IRQHandler
                0x08006d48                TIM2_IRQHandler
                0x08006d48                TIM1_BRK_IRQHandler
                0x08006d48                EXTI1_IRQHandler
                0x08006d48                USART2_IRQHandler
                0x08006d48                I2C2_ER_IRQHandler
                0x08006d48                DMA1_Channel2_IRQHandler
                0x08006d48                CAN1_SCE_IRQHandler
                0x08006d48                FLASH_IRQHandler
                0x08006d48                USART1_IRQHandler
                0x08006d48                I2C1_ER_IRQHandler
                0x08006d48                USBWakeUp_IRQHandler
 *fill*         0x08006d4a        0x2 
 .text.__errno  0x08006d4c        0xc e:/developmentenvironment/gcc-arm-none-eabi/bin/../lib/gcc/arm-none-eabi/10.3.1/../../../../arm-none-eabi/lib/thumb/v7-m/nofp\libg.a(lib_a-errno.o)
                0x08006d4c                __errno
 .text.__libc_init_array
                0x08006d58       0x48 e:/developmentenvironment/gcc-arm-none-eabi/bin/../lib/gcc/arm-none-eabi/10.3.1/../../../../arm-none-eabi/lib/thumb/v7-m/nofp\libg.a(lib_a-init.o)
                0x08006d58                __libc_init_array
 .text.malloc   0x08006da0       0x10 e:/developmentenvironment/gcc-arm-none-eabi/bin/../lib/gcc/arm-none-eabi/10.3.1/../../../../arm-none-eabi/lib/thumb/v7-m/nofp\libg.a(lib_a-malloc.o)
                0x08006da0                malloc
 .text.free     0x08006db0       0x10 e:/developmentenvironment/gcc-arm-none-eabi/bin/../lib/gcc/arm-none-eabi/10.3.1/../../../../arm-none-eabi/lib/thumb/v7-m/nofp\libg.a(lib_a-malloc.o)
                0x08006db0                free
 .text._malloc_r
                0x08006dc0      0x558 e:/developmentenvironment/gcc-arm-none-eabi/bin/../lib/gcc/arm-none-eabi/10.3.1/../../../../arm-none-eabi/lib/thumb/v7-m/nofp\libg.a(lib_a-mallocr.o)
                0x08006dc0                _malloc_r
 .text.memset   0x08007318       0xa4 e:/developmentenvironment/gcc-arm-none-eabi/bin/../lib/gcc/arm-none-eabi/10.3.1/../../../../arm-none-eabi/lib/thumb/v7-m/nofp\libg.a(lib_a-memset.o)
                0x08007318                memset
 .text.startup.register_fini
                0x080073bc       0x14 e:/developmentenvironment/gcc-arm-none-eabi/bin/../lib/gcc/arm-none-eabi/10.3.1/../../../../arm-none-eabi/lib/thumb/v7-m/nofp\libg.a(lib_a-__call_atexit.o)
 .text.atexit   0x080073d0        0xc e:/developmentenvironment/gcc-arm-none-eabi/bin/../lib/gcc/arm-none-eabi/10.3.1/../../../../arm-none-eabi/lib/thumb/v7-m/nofp\libg.a(lib_a-atexit.o)
                0x080073d0                atexit
 .text.__libc_fini_array
                0x080073dc       0x2c e:/developmentenvironment/gcc-arm-none-eabi/bin/../lib/gcc/arm-none-eabi/10.3.1/../../../../arm-none-eabi/lib/thumb/v7-m/nofp\libg.a(lib_a-fini.o)
                0x080073dc                __libc_fini_array
 .text._malloc_trim_r
                0x08007408       0xa0 e:/developmentenvironment/gcc-arm-none-eabi/bin/../lib/gcc/arm-none-eabi/10.3.1/../../../../arm-none-eabi/lib/thumb/v7-m/nofp\libg.a(lib_a-freer.o)
                0x08007408                _malloc_trim_r
 .text._free_r  0x080074a8      0x200 e:/developmentenvironment/gcc-arm-none-eabi/bin/../lib/gcc/arm-none-eabi/10.3.1/../../../../arm-none-eabi/lib/thumb/v7-m/nofp\libg.a(lib_a-freer.o)
                0x080074a8                _free_r
 .text.__retarget_lock_acquire_recursive
                0x080076a8        0x4 e:/developmentenvironment/gcc-arm-none-eabi/bin/../lib/gcc/arm-none-eabi/10.3.1/../../../../arm-none-eabi/lib/thumb/v7-m/nofp\libg.a(lib_a-lock.o)
                0x080076a8                __retarget_lock_acquire_recursive
 .text.__retarget_lock_release_recursive
                0x080076ac        0x4 e:/developmentenvironment/gcc-arm-none-eabi/bin/../lib/gcc/arm-none-eabi/10.3.1/../../../../arm-none-eabi/lib/thumb/v7-m/nofp\libg.a(lib_a-lock.o)
                0x080076ac                __retarget_lock_release_recursive
 .text.__register_exitproc
                0x080076b0       0x8c e:/developmentenvironment/gcc-arm-none-eabi/bin/../lib/gcc/arm-none-eabi/10.3.1/../../../../arm-none-eabi/lib/thumb/v7-m/nofp\libg.a(lib_a-__atexit.o)
                0x080076b0                __register_exitproc
 *fill*         0x0800773c        0x4 
 .text.atan     0x08007740      0x31c e:/developmentenvironment/gcc-arm-none-eabi/bin/../lib/gcc/arm-none-eabi/10.3.1/../../../../arm-none-eabi/lib/thumb/v7-m/nofp\libm.a(lib_a-s_atan.o)
                0x08007740                atan
 .text.fabs     0x08007a5c        0x8 e:/developmentenvironment/gcc-arm-none-eabi/bin/../lib/gcc/arm-none-eabi/10.3.1/../../../../arm-none-eabi/lib/thumb/v7-m/nofp\libm.a(lib_a-s_fabs.o)
                0x08007a5c                fabs
 .text.atan2    0x08007a64        0x4 e:/developmentenvironment/gcc-arm-none-eabi/bin/../lib/gcc/arm-none-eabi/10.3.1/../../../../arm-none-eabi/lib/thumb/v7-m/nofp\libm.a(lib_a-w_atan2.o)
                0x08007a64                atan2
 .text.sqrt     0x08007a68       0x50 e:/developmentenvironment/gcc-arm-none-eabi/bin/../lib/gcc/arm-none-eabi/10.3.1/../../../../arm-none-eabi/lib/thumb/v7-m/nofp\libm.a(lib_a-w_sqrt.o)
                0x08007a68                sqrt
 .text.__ieee754_atan2
                0x08007ab8      0x194 e:/developmentenvironment/gcc-arm-none-eabi/bin/../lib/gcc/arm-none-eabi/10.3.1/../../../../arm-none-eabi/lib/thumb/v7-m/nofp\libm.a(lib_a-e_atan2.o)
                0x08007ab8                __ieee754_atan2
 .text.__ieee754_sqrt
                0x08007c4c      0x18c e:/developmentenvironment/gcc-arm-none-eabi/bin/../lib/gcc/arm-none-eabi/10.3.1/../../../../arm-none-eabi/lib/thumb/v7-m/nofp\libm.a(lib_a-e_sqrt.o)
                0x08007c4c                __ieee754_sqrt
 *(.glue_7)
 .glue_7        0x08007dd8        0x0 linker stubs
 *(.glue_7t)
 .glue_7t       0x08007dd8        0x0 linker stubs
 *(.eh_frame)
 .eh_frame      0x08007dd8        0x0 e:/developmentenvironment/gcc-arm-none-eabi/bin/../lib/gcc/arm-none-eabi/10.3.1/thumb/v7-m/nofp/crtbegin.o
 *(.init)
 .init          0x08007dd8        0x4 e:/developmentenvironment/gcc-arm-none-eabi/bin/../lib/gcc/arm-none-eabi/10.3.1/thumb/v7-m/nofp/crti.o
                0x08007dd8                _init
 .init          0x08007ddc        0x8 e:/developmentenvironment/gcc-arm-none-eabi/bin/../lib/gcc/arm-none-eabi/10.3.1/thumb/v7-m/nofp/crtn.o
 *(.fini)
 .fini          0x08007de4        0x4 e:/developmentenvironment/gcc-arm-none-eabi/bin/../lib/gcc/arm-none-eabi/10.3.1/thumb/v7-m/nofp/crti.o
                0x08007de4                _fini
 .fini          0x08007de8        0x8 e:/developmentenvironment/gcc-arm-none-eabi/bin/../lib/gcc/arm-none-eabi/10.3.1/thumb/v7-m/nofp/crtn.o
                0x08007df0                . = ALIGN (0x4)
                0x08007df0                _etext = .

.vfp11_veneer   0x08007df0        0x0
 .vfp11_veneer  0x08007df0        0x0 linker stubs

.v4_bx          0x08007df0        0x0
 .v4_bx         0x08007df0        0x0 linker stubs

.iplt           0x08007df0        0x0
 .iplt          0x08007df0        0x0 e:/developmentenvironment/gcc-arm-none-eabi/bin/../lib/gcc/arm-none-eabi/10.3.1/thumb/v7-m/nofp/crtbegin.o

.rodata         0x08007df0      0x1c0
                0x08007df0                . = ALIGN (0x4)
 *(.rodata)
 *(.rodata*)
 .rodata.OledShowInit.str1.4
                0x08007df0       0x2e CMakeFiles/BC_FreeRTOS.elf.dir/Core/Src/freertos.c.obj
 *fill*         0x08007e1e        0x2 
 .rodata.str1.4
                0x08007e20       0x41 CMakeFiles/BC_FreeRTOS.elf.dir/Core/Src/freertos.c.obj
 *fill*         0x08007e61        0x3 
 .rodata.dataMutex_attributes
                0x08007e64       0x10 CMakeFiles/BC_FreeRTOS.elf.dir/Core/Src/freertos.c.obj
                0x08007e64                dataMutex_attributes
 .rodata.dataProcessTask_attributes
                0x08007e74       0x24 CMakeFiles/BC_FreeRTOS.elf.dir/Core/Src/freertos.c.obj
                0x08007e74                dataProcessTask_attributes
 .rodata.dataQueue_attributes
                0x08007e98       0x18 CMakeFiles/BC_FreeRTOS.elf.dir/Core/Src/freertos.c.obj
                0x08007e98                dataQueue_attributes
 .rodata.defaultTask_attributes
                0x08007eb0       0x24 CMakeFiles/BC_FreeRTOS.elf.dir/Core/Src/freertos.c.obj
                0x08007eb0                defaultTask_attributes
 .rodata.readDataTask_attributes
                0x08007ed4       0x24 CMakeFiles/BC_FreeRTOS.elf.dir/Core/Src/freertos.c.obj
                0x08007ed4                readDataTask_attributes
 .rodata.AHBPrescTable
                0x08007ef8       0x10 CMakeFiles/BC_FreeRTOS.elf.dir/Core/Src/system_stm32f1xx.c.obj
                0x08007ef8                AHBPrescTable
 .rodata.APBPrescTable
                0x08007f08        0x8 CMakeFiles/BC_FreeRTOS.elf.dir/Core/Src/system_stm32f1xx.c.obj
                0x08007f08                APBPrescTable
 .rodata.HAL_RCC_GetSysClockFreq.str1.4
                0x08007f10       0x11 CMakeFiles/BC_FreeRTOS.elf.dir/Drivers/STM32F1xx_HAL_Driver/Src/stm32f1xx_hal_rcc.c.obj
 .rodata.HAL_RCCEx_GetPeriphCLKFreq.str1.4
                0x08007f21       0x11 CMakeFiles/BC_FreeRTOS.elf.dir/Drivers/STM32F1xx_HAL_Driver/Src/stm32f1xx_hal_rcc_ex.c.obj
 *fill*         0x08007f21        0x3 
 .rodata.vTaskStartScheduler.str1.4
                0x08007f24        0x5 CMakeFiles/BC_FreeRTOS.elf.dir/Middlewares/Third_Party/FreeRTOS/Source/tasks.c.obj
 *fill*         0x08007f29        0x3 
 .rodata.prvCheckForValidListAndQueue.str1.4
                0x08007f2c        0x5 CMakeFiles/BC_FreeRTOS.elf.dir/Middlewares/Third_Party/FreeRTOS/Source/timers.c.obj
 *fill*         0x08007f31        0x3 
 .rodata.xTimerCreateTimerTask.str1.4
                0x08007f34        0x8 CMakeFiles/BC_FreeRTOS.elf.dir/Middlewares/Third_Party/FreeRTOS/Source/timers.c.obj
 .rodata._global_impure_ptr
                0x08007f3c        0x4 e:/developmentenvironment/gcc-arm-none-eabi/bin/../lib/gcc/arm-none-eabi/10.3.1/../../../../arm-none-eabi/lib/thumb/v7-m/nofp\libg.a(lib_a-impure.o)
                0x08007f3c                _global_impure_ptr
 .rodata.atanhi
                0x08007f40       0x20 e:/developmentenvironment/gcc-arm-none-eabi/bin/../lib/gcc/arm-none-eabi/10.3.1/../../../../arm-none-eabi/lib/thumb/v7-m/nofp\libm.a(lib_a-s_atan.o)
 .rodata.atanlo
                0x08007f60       0x20 e:/developmentenvironment/gcc-arm-none-eabi/bin/../lib/gcc/arm-none-eabi/10.3.1/../../../../arm-none-eabi/lib/thumb/v7-m/nofp\libm.a(lib_a-s_atan.o)
 .rodata.CSWTCH.8
                0x08007f80       0x18 e:/developmentenvironment/gcc-arm-none-eabi/bin/../lib/gcc/arm-none-eabi/10.3.1/../../../../arm-none-eabi/lib/thumb/v7-m/nofp\libm.a(lib_a-e_atan2.o)
 .rodata.CSWTCH.9
                0x08007f98       0x18 e:/developmentenvironment/gcc-arm-none-eabi/bin/../lib/gcc/arm-none-eabi/10.3.1/../../../../arm-none-eabi/lib/thumb/v7-m/nofp\libm.a(lib_a-e_atan2.o)
                0x08007fb0                . = ALIGN (0x4)

.rel.dyn        0x08007fb0        0x0
 .rel.iplt      0x08007fb0        0x0 e:/developmentenvironment/gcc-arm-none-eabi/bin/../lib/gcc/arm-none-eabi/10.3.1/thumb/v7-m/nofp/crtbegin.o

.ARM.extab
 *(.ARM.extab* .gnu.linkonce.armextab.*)

.ARM            0x08007fb0        0x0
                0x08007fb0                __exidx_start = .
 *(.ARM.exidx*)
                0x08007fb0                __exidx_end = .

.preinit_array  0x08007fb0        0x0
                0x08007fb0                PROVIDE (__preinit_array_start = .)
 *(.preinit_array*)
                0x08007fb0                PROVIDE (__preinit_array_end = .)

.init_array     0x08007fb0        0x8
                0x08007fb0                PROVIDE (__init_array_start = .)
 *(SORT_BY_NAME(.init_array.*))
 .init_array.00000
                0x08007fb0        0x4 e:/developmentenvironment/gcc-arm-none-eabi/bin/../lib/gcc/arm-none-eabi/10.3.1/../../../../arm-none-eabi/lib/thumb/v7-m/nofp\libg.a(lib_a-__call_atexit.o)
 *(.init_array*)
 .init_array    0x08007fb4        0x4 e:/developmentenvironment/gcc-arm-none-eabi/bin/../lib/gcc/arm-none-eabi/10.3.1/thumb/v7-m/nofp/crtbegin.o
                0x08007fb8                PROVIDE (__init_array_end = .)

.fini_array     0x08007fb8        0x4
                0x08007fb8                PROVIDE (__fini_array_start = .)
 *(SORT_BY_NAME(.fini_array.*))
 *(.fini_array*)
 .fini_array    0x08007fb8        0x4 e:/developmentenvironment/gcc-arm-none-eabi/bin/../lib/gcc/arm-none-eabi/10.3.1/thumb/v7-m/nofp/crtbegin.o
                0x08007fbc                PROVIDE (__fini_array_end = .)
                0x08007fbc                _sidata = LOADADDR (.data)

.data           0x20000000     0x105c load address 0x08007fbc
                0x20000000                . = ALIGN (0x4)
                0x20000000                _sdata = .
 *(.data)
 *(.data*)
 .data.SystemCoreClock
                0x20000000        0x4 CMakeFiles/BC_FreeRTOS.elf.dir/Core/Src/system_stm32f1xx.c.obj
                0x20000000                SystemCoreClock
 *fill*         0x20000004        0x4 
 .data.KalmanX  0x20000008       0x48 CMakeFiles/BC_FreeRTOS.elf.dir/Drivers/MPU6050/nodmp_mpu6050.c.obj
                0x20000008                KalmanX
 .data.KalmanY  0x20000050       0x48 CMakeFiles/BC_FreeRTOS.elf.dir/Drivers/MPU6050/nodmp_mpu6050.c.obj
                0x20000050                KalmanY
 .data.font7x10
                0x20000098        0x8 CMakeFiles/BC_FreeRTOS.elf.dir/Drivers/SSD1306/ssd1306_font.c.obj
                0x20000098                font7x10
 .data.font7x10_data
                0x200000a0      0x76c CMakeFiles/BC_FreeRTOS.elf.dir/Drivers/SSD1306/ssd1306_font.c.obj
 .data.uwTickFreq
                0x2000080c        0x1 CMakeFiles/BC_FreeRTOS.elf.dir/Drivers/STM32F1xx_HAL_Driver/Src/stm32f1xx_hal.c.obj
                0x2000080c                uwTickFreq
 *fill*         0x2000080d        0x3 
 .data.uwTickPrio
                0x20000810        0x4 CMakeFiles/BC_FreeRTOS.elf.dir/Drivers/STM32F1xx_HAL_Driver/Src/stm32f1xx_hal.c.obj
                0x20000810                uwTickPrio
 .data.uxCriticalNesting
                0x20000814        0x4 CMakeFiles/BC_FreeRTOS.elf.dir/Middlewares/Third_Party/FreeRTOS/Source/portable/GCC/ARM_CM3/port.c.obj
 .data.currentHeapEnd.0
                0x20000818        0x4 CMakeFiles/BC_FreeRTOS.elf.dir/Middlewares/Third_Party/FreeRTOS/Source/portable/MemMang/heap_useNewlib_ST.c.obj
 .data._impure_ptr
                0x2000081c        0x4 e:/developmentenvironment/gcc-arm-none-eabi/bin/../lib/gcc/arm-none-eabi/10.3.1/../../../../arm-none-eabi/lib/thumb/v7-m/nofp\libg.a(lib_a-impure.o)
                0x2000081c                _impure_ptr
 .data.impure_data
                0x20000820      0x428 e:/developmentenvironment/gcc-arm-none-eabi/bin/../lib/gcc/arm-none-eabi/10.3.1/../../../../arm-none-eabi/lib/thumb/v7-m/nofp\libg.a(lib_a-impure.o)
 .data.__malloc_av_
                0x20000c48      0x408 e:/developmentenvironment/gcc-arm-none-eabi/bin/../lib/gcc/arm-none-eabi/10.3.1/../../../../arm-none-eabi/lib/thumb/v7-m/nofp\libg.a(lib_a-mallocr.o)
                0x20000c48                __malloc_av_
 .data.__malloc_sbrk_base
                0x20001050        0x4 e:/developmentenvironment/gcc-arm-none-eabi/bin/../lib/gcc/arm-none-eabi/10.3.1/../../../../arm-none-eabi/lib/thumb/v7-m/nofp\libg.a(lib_a-mallocr.o)
                0x20001050                __malloc_sbrk_base
 .data.__malloc_trim_threshold
                0x20001054        0x4 e:/developmentenvironment/gcc-arm-none-eabi/bin/../lib/gcc/arm-none-eabi/10.3.1/../../../../arm-none-eabi/lib/thumb/v7-m/nofp\libg.a(lib_a-mallocr.o)
                0x20001054                __malloc_trim_threshold
 .data.__atexit_recursive_mutex
                0x20001058        0x4 e:/developmentenvironment/gcc-arm-none-eabi/bin/../lib/gcc/arm-none-eabi/10.3.1/../../../../arm-none-eabi/lib/thumb/v7-m/nofp\libg.a(lib_a-__call_atexit.o)
                0x20001058                __atexit_recursive_mutex
                0x2000105c                . = ALIGN (0x4)
                0x2000105c                _edata = .

.igot.plt       0x2000105c        0x0 load address 0x08009018
 .igot.plt      0x2000105c        0x0 e:/developmentenvironment/gcc-arm-none-eabi/bin/../lib/gcc/arm-none-eabi/10.3.1/thumb/v7-m/nofp/crtbegin.o
                0x2000105c                . = ALIGN (0x4)

.bss            0x2000105c     0x14cc load address 0x08009018
                0x2000105c                _sbss = .
                0x2000105c                __bss_start__ = _sbss
 *(.bss)
 .bss           0x2000105c       0x1c e:/developmentenvironment/gcc-arm-none-eabi/bin/../lib/gcc/arm-none-eabi/10.3.1/thumb/v7-m/nofp/crtbegin.o
 *(.bss*)
 .bss.hadc1     0x20001078       0x30 CMakeFiles/BC_FreeRTOS.elf.dir/Core/Src/adc.c.obj
                0x20001078                hadc1
 .bss.hadc2     0x200010a8       0x30 CMakeFiles/BC_FreeRTOS.elf.dir/Core/Src/adc.c.obj
                0x200010a8                hadc2
 .bss.Encoder.2
                0x200010d8        0x4 CMakeFiles/BC_FreeRTOS.elf.dir/Core/Src/car_bl_pid.c.obj
 .bss.Encoder_Integral.1
                0x200010dc        0x4 CMakeFiles/BC_FreeRTOS.elf.dir/Core/Src/car_bl_pid.c.obj
 .bss.Encoder_Least.3
                0x200010e0        0x4 CMakeFiles/BC_FreeRTOS.elf.dir/Core/Src/car_bl_pid.c.obj
 .bss.Velocity.0
                0x200010e4        0x4 CMakeFiles/BC_FreeRTOS.elf.dir/Core/Src/car_bl_pid.c.obj
 .bss.dataMutexHandle
                0x200010e8        0x4 CMakeFiles/BC_FreeRTOS.elf.dir/Core/Src/freertos.c.obj
                0x200010e8                dataMutexHandle
 .bss.dataProcessTaskHandle
                0x200010ec        0x4 CMakeFiles/BC_FreeRTOS.elf.dir/Core/Src/freertos.c.obj
                0x200010ec                dataProcessTaskHandle
 .bss.dataQueueHandle
                0x200010f0        0x4 CMakeFiles/BC_FreeRTOS.elf.dir/Core/Src/freertos.c.obj
                0x200010f0                dataQueueHandle
 .bss.defaultTaskHandle
                0x200010f4        0x4 CMakeFiles/BC_FreeRTOS.elf.dir/Core/Src/freertos.c.obj
                0x200010f4                defaultTaskHandle
 .bss.dpt_data.0
                0x200010f8       0x10 CMakeFiles/BC_FreeRTOS.elf.dir/Core/Src/freertos.c.obj
 .bss.rdt_data.1
                0x20001108       0x10 CMakeFiles/BC_FreeRTOS.elf.dir/Core/Src/freertos.c.obj
 .bss.readDataTaskHandle
                0x20001118        0x4 CMakeFiles/BC_FreeRTOS.elf.dir/Core/Src/freertos.c.obj
                0x20001118                readDataTaskHandle
 .bss.hi2c2     0x2000111c       0x54 CMakeFiles/BC_FreeRTOS.elf.dir/Core/Src/i2c.c.obj
                0x2000111c                hi2c2
 .bss.htim1     0x20001170       0x48 CMakeFiles/BC_FreeRTOS.elf.dir/Core/Src/stm32f1xx_hal_timebase_tim.c.obj
                0x20001170                htim1
 .bss.htim2     0x200011b8       0x48 CMakeFiles/BC_FreeRTOS.elf.dir/Core/Src/tim.c.obj
                0x200011b8                htim2
 .bss.htim3     0x20001200       0x48 CMakeFiles/BC_FreeRTOS.elf.dir/Core/Src/tim.c.obj
                0x20001200                htim3
 .bss.htim4     0x20001248       0x48 CMakeFiles/BC_FreeRTOS.elf.dir/Core/Src/tim.c.obj
                0x20001248                htim4
 .bss.hdma_usart1_tx
                0x20001290       0x44 CMakeFiles/BC_FreeRTOS.elf.dir/Core/Src/usart.c.obj
                0x20001290                hdma_usart1_tx
 .bss.hdma_usart2_rx
                0x200012d4       0x44 CMakeFiles/BC_FreeRTOS.elf.dir/Core/Src/usart.c.obj
                0x200012d4                hdma_usart2_rx
 .bss.huart1    0x20001318       0x44 CMakeFiles/BC_FreeRTOS.elf.dir/Core/Src/usart.c.obj
                0x20001318                huart1
 .bss.huart2    0x2000135c       0x44 CMakeFiles/BC_FreeRTOS.elf.dir/Core/Src/usart.c.obj
                0x2000135c                huart2
 .bss.timer     0x200013a0        0x4 CMakeFiles/BC_FreeRTOS.elf.dir/Drivers/MPU6050/nodmp_mpu6050.c.obj
                0x200013a0                timer
 .bss.current_font
                0x200013a4        0x8 CMakeFiles/BC_FreeRTOS.elf.dir/Drivers/SSD1306/ssd1306.c.obj
                0x200013a4                current_font
 .bss.cursor    0x200013ac        0x2 CMakeFiles/BC_FreeRTOS.elf.dir/Drivers/SSD1306/ssd1306.c.obj
 *fill*         0x200013ae        0x2 
 .bss.ssd1306_buffer
                0x200013b0      0x400 CMakeFiles/BC_FreeRTOS.elf.dir/Drivers/SSD1306/ssd1306.c.obj
 .bss.uwTick    0x200017b0        0x4 CMakeFiles/BC_FreeRTOS.elf.dir/Drivers/STM32F1xx_HAL_Driver/Src/stm32f1xx_hal.c.obj
                0x200017b0                uwTick
 .bss.Idle_Stack
                0x200017b4      0x200 CMakeFiles/BC_FreeRTOS.elf.dir/Middlewares/Third_Party/FreeRTOS/Source/CMSIS_RTOS_V2/cmsis_os2.c.obj
 .bss.Idle_TCB  0x200019b4       0x5c CMakeFiles/BC_FreeRTOS.elf.dir/Middlewares/Third_Party/FreeRTOS/Source/CMSIS_RTOS_V2/cmsis_os2.c.obj
 .bss.KernelState
                0x20001a10        0x4 CMakeFiles/BC_FreeRTOS.elf.dir/Middlewares/Third_Party/FreeRTOS/Source/CMSIS_RTOS_V2/cmsis_os2.c.obj
 .bss.Timer_Stack
                0x20001a14      0x400 CMakeFiles/BC_FreeRTOS.elf.dir/Middlewares/Third_Party/FreeRTOS/Source/CMSIS_RTOS_V2/cmsis_os2.c.obj
 .bss.Timer_TCB
                0x20001e14       0x5c CMakeFiles/BC_FreeRTOS.elf.dir/Middlewares/Third_Party/FreeRTOS/Source/CMSIS_RTOS_V2/cmsis_os2.c.obj
 .bss.ucMaxSysCallPriority
                0x20001e70        0x1 CMakeFiles/BC_FreeRTOS.elf.dir/Middlewares/Third_Party/FreeRTOS/Source/portable/GCC/ARM_CM3/port.c.obj
 *fill*         0x20001e71        0x3 
 .bss.ulMaxPRIGROUPValue
                0x20001e74        0x4 CMakeFiles/BC_FreeRTOS.elf.dir/Middlewares/Third_Party/FreeRTOS/Source/portable/GCC/ARM_CM3/port.c.obj
 .bss.TotalHeapSize
                0x20001e78        0x4 CMakeFiles/BC_FreeRTOS.elf.dir/Middlewares/Third_Party/FreeRTOS/Source/portable/MemMang/heap_useNewlib_ST.c.obj
                0x20001e78                TotalHeapSize
 .bss.heapBytesRemaining
                0x20001e7c        0x4 CMakeFiles/BC_FreeRTOS.elf.dir/Middlewares/Third_Party/FreeRTOS/Source/portable/MemMang/heap_useNewlib_ST.c.obj
 .bss.totalBytesProvidedBySBRK
                0x20001e80        0x4 CMakeFiles/BC_FreeRTOS.elf.dir/Middlewares/Third_Party/FreeRTOS/Source/portable/MemMang/heap_useNewlib_ST.c.obj
 .bss.xQueueRegistry
                0x20001e84       0x40 CMakeFiles/BC_FreeRTOS.elf.dir/Middlewares/Third_Party/FreeRTOS/Source/queue.c.obj
                0x20001e84                xQueueRegistry
 .bss.pxCurrentTCB
                0x20001ec4        0x4 CMakeFiles/BC_FreeRTOS.elf.dir/Middlewares/Third_Party/FreeRTOS/Source/tasks.c.obj
                0x20001ec4                pxCurrentTCB
 .bss.pxDelayedTaskList
                0x20001ec8        0x4 CMakeFiles/BC_FreeRTOS.elf.dir/Middlewares/Third_Party/FreeRTOS/Source/tasks.c.obj
 .bss.pxOverflowDelayedTaskList
                0x20001ecc        0x4 CMakeFiles/BC_FreeRTOS.elf.dir/Middlewares/Third_Party/FreeRTOS/Source/tasks.c.obj
 .bss.pxReadyTasksLists
                0x20001ed0      0x460 CMakeFiles/BC_FreeRTOS.elf.dir/Middlewares/Third_Party/FreeRTOS/Source/tasks.c.obj
 .bss.uxCurrentNumberOfTasks
                0x20002330        0x4 CMakeFiles/BC_FreeRTOS.elf.dir/Middlewares/Third_Party/FreeRTOS/Source/tasks.c.obj
 .bss.uxDeletedTasksWaitingCleanUp
                0x20002334        0x4 CMakeFiles/BC_FreeRTOS.elf.dir/Middlewares/Third_Party/FreeRTOS/Source/tasks.c.obj
 .bss.uxPendedTicks
                0x20002338        0x4 CMakeFiles/BC_FreeRTOS.elf.dir/Middlewares/Third_Party/FreeRTOS/Source/tasks.c.obj
 .bss.uxSchedulerSuspended
                0x2000233c        0x4 CMakeFiles/BC_FreeRTOS.elf.dir/Middlewares/Third_Party/FreeRTOS/Source/tasks.c.obj
 .bss.uxTaskNumber
                0x20002340        0x4 CMakeFiles/BC_FreeRTOS.elf.dir/Middlewares/Third_Party/FreeRTOS/Source/tasks.c.obj
 .bss.uxTopReadyPriority
                0x20002344        0x4 CMakeFiles/BC_FreeRTOS.elf.dir/Middlewares/Third_Party/FreeRTOS/Source/tasks.c.obj
 .bss.xDelayedTaskList1
                0x20002348       0x14 CMakeFiles/BC_FreeRTOS.elf.dir/Middlewares/Third_Party/FreeRTOS/Source/tasks.c.obj
 .bss.xDelayedTaskList2
                0x2000235c       0x14 CMakeFiles/BC_FreeRTOS.elf.dir/Middlewares/Third_Party/FreeRTOS/Source/tasks.c.obj
 .bss.xIdleTaskHandle
                0x20002370        0x4 CMakeFiles/BC_FreeRTOS.elf.dir/Middlewares/Third_Party/FreeRTOS/Source/tasks.c.obj
 .bss.xNextTaskUnblockTime
                0x20002374        0x4 CMakeFiles/BC_FreeRTOS.elf.dir/Middlewares/Third_Party/FreeRTOS/Source/tasks.c.obj
 .bss.xNumOfOverflows
                0x20002378        0x4 CMakeFiles/BC_FreeRTOS.elf.dir/Middlewares/Third_Party/FreeRTOS/Source/tasks.c.obj
 .bss.xPendingReadyList
                0x2000237c       0x14 CMakeFiles/BC_FreeRTOS.elf.dir/Middlewares/Third_Party/FreeRTOS/Source/tasks.c.obj
 .bss.xSchedulerRunning
                0x20002390        0x4 CMakeFiles/BC_FreeRTOS.elf.dir/Middlewares/Third_Party/FreeRTOS/Source/tasks.c.obj
 .bss.xSuspendedTaskList
                0x20002394       0x14 CMakeFiles/BC_FreeRTOS.elf.dir/Middlewares/Third_Party/FreeRTOS/Source/tasks.c.obj
 .bss.xTasksWaitingTermination
                0x200023a8       0x14 CMakeFiles/BC_FreeRTOS.elf.dir/Middlewares/Third_Party/FreeRTOS/Source/tasks.c.obj
 .bss.xTickCount
                0x200023bc        0x4 CMakeFiles/BC_FreeRTOS.elf.dir/Middlewares/Third_Party/FreeRTOS/Source/tasks.c.obj
 .bss.xYieldPending
                0x200023c0        0x4 CMakeFiles/BC_FreeRTOS.elf.dir/Middlewares/Third_Party/FreeRTOS/Source/tasks.c.obj
 .bss.pxCurrentTimerList
                0x200023c4        0x4 CMakeFiles/BC_FreeRTOS.elf.dir/Middlewares/Third_Party/FreeRTOS/Source/timers.c.obj
 .bss.pxOverflowTimerList
                0x200023c8        0x4 CMakeFiles/BC_FreeRTOS.elf.dir/Middlewares/Third_Party/FreeRTOS/Source/timers.c.obj
 .bss.ucStaticTimerQueueStorage.1
                0x200023cc       0xa0 CMakeFiles/BC_FreeRTOS.elf.dir/Middlewares/Third_Party/FreeRTOS/Source/timers.c.obj
 .bss.xActiveTimerList1
                0x2000246c       0x14 CMakeFiles/BC_FreeRTOS.elf.dir/Middlewares/Third_Party/FreeRTOS/Source/timers.c.obj
 .bss.xActiveTimerList2
                0x20002480       0x14 CMakeFiles/BC_FreeRTOS.elf.dir/Middlewares/Third_Party/FreeRTOS/Source/timers.c.obj
 .bss.xLastTime.2
                0x20002494        0x4 CMakeFiles/BC_FreeRTOS.elf.dir/Middlewares/Third_Party/FreeRTOS/Source/timers.c.obj
 .bss.xStaticTimerQueue.0
                0x20002498       0x50 CMakeFiles/BC_FreeRTOS.elf.dir/Middlewares/Third_Party/FreeRTOS/Source/timers.c.obj
 .bss.xTimerQueue
                0x200024e8        0x4 CMakeFiles/BC_FreeRTOS.elf.dir/Middlewares/Third_Party/FreeRTOS/Source/timers.c.obj
 .bss.xTimerTaskHandle
                0x200024ec        0x4 CMakeFiles/BC_FreeRTOS.elf.dir/Middlewares/Third_Party/FreeRTOS/Source/timers.c.obj
 .bss.__malloc_current_mallinfo
                0x200024f0       0x28 e:/developmentenvironment/gcc-arm-none-eabi/bin/../lib/gcc/arm-none-eabi/10.3.1/../../../../arm-none-eabi/lib/thumb/v7-m/nofp\libg.a(lib_a-mallocr.o)
                0x200024f0                __malloc_current_mallinfo
 .bss.__malloc_max_sbrked_mem
                0x20002518        0x4 e:/developmentenvironment/gcc-arm-none-eabi/bin/../lib/gcc/arm-none-eabi/10.3.1/../../../../arm-none-eabi/lib/thumb/v7-m/nofp\libg.a(lib_a-mallocr.o)
                0x20002518                __malloc_max_sbrked_mem
 .bss.__malloc_max_total_mem
                0x2000251c        0x4 e:/developmentenvironment/gcc-arm-none-eabi/bin/../lib/gcc/arm-none-eabi/10.3.1/../../../../arm-none-eabi/lib/thumb/v7-m/nofp\libg.a(lib_a-mallocr.o)
                0x2000251c                __malloc_max_total_mem
 .bss.__malloc_top_pad
                0x20002520        0x4 e:/developmentenvironment/gcc-arm-none-eabi/bin/../lib/gcc/arm-none-eabi/10.3.1/../../../../arm-none-eabi/lib/thumb/v7-m/nofp\libg.a(lib_a-mallocr.o)
                0x20002520                __malloc_top_pad
 .bss.__lock___atexit_recursive_mutex
                0x20002524        0x1 e:/developmentenvironment/gcc-arm-none-eabi/bin/../lib/gcc/arm-none-eabi/10.3.1/../../../../arm-none-eabi/lib/thumb/v7-m/nofp\libg.a(lib_a-lock.o)
                0x20002524                __lock___atexit_recursive_mutex
 *(COMMON)
                0x20002528                . = ALIGN (0x4)
 *fill*         0x20002525        0x3 
                0x20002528                _ebss = .
                0x20002528                __bss_end__ = _ebss

._user_heap_stack
                0x20002528      0x600 load address 0x08009018
                0x20002528                . = ALIGN (0x8)
                0x20002528                PROVIDE (end = .)
                [!provide]                PROVIDE (_end = .)
                0x20002728                . = (. + _Min_Heap_Size)
 *fill*         0x20002528      0x200 
                0x20002b28                . = (. + _Min_Stack_Size)
 *fill*         0x20002728      0x400 
                0x20002b28                . = ALIGN (0x8)

/DISCARD/
 libc.a(*)
 libm.a(*)
 libgcc.a(*)

.ARM.attributes
                0x00000000       0x29
 *(.ARM.attributes)
 .ARM.attributes
                0x00000000       0x1d e:/developmentenvironment/gcc-arm-none-eabi/bin/../lib/gcc/arm-none-eabi/10.3.1/thumb/v7-m/nofp/crti.o
 .ARM.attributes
                0x0000001d       0x2d e:/developmentenvironment/gcc-arm-none-eabi/bin/../lib/gcc/arm-none-eabi/10.3.1/thumb/v7-m/nofp/crtbegin.o
 .ARM.attributes
                0x0000004a       0x2d CMakeFiles/BC_FreeRTOS.elf.dir/Core/Src/adc.c.obj
 .ARM.attributes
                0x00000077       0x2d CMakeFiles/BC_FreeRTOS.elf.dir/Core/Src/car_bl_pid.c.obj
 .ARM.attributes
                0x000000a4       0x2d CMakeFiles/BC_FreeRTOS.elf.dir/Core/Src/dma.c.obj
 .ARM.attributes
                0x000000d1       0x2d CMakeFiles/BC_FreeRTOS.elf.dir/Core/Src/encoder.c.obj
 .ARM.attributes
                0x000000fe       0x2d CMakeFiles/BC_FreeRTOS.elf.dir/Core/Src/freertos.c.obj
 .ARM.attributes
                0x0000012b       0x2d CMakeFiles/BC_FreeRTOS.elf.dir/Core/Src/gpio.c.obj
 .ARM.attributes
                0x00000158       0x2d CMakeFiles/BC_FreeRTOS.elf.dir/Core/Src/i2c.c.obj
 .ARM.attributes
                0x00000185       0x2d CMakeFiles/BC_FreeRTOS.elf.dir/Core/Src/main.c.obj
 .ARM.attributes
                0x000001b2       0x2d CMakeFiles/BC_FreeRTOS.elf.dir/Core/Src/stm32f1xx_hal_msp.c.obj
 .ARM.attributes
                0x000001df       0x2d CMakeFiles/BC_FreeRTOS.elf.dir/Core/Src/stm32f1xx_hal_timebase_tim.c.obj
 .ARM.attributes
                0x0000020c       0x2d CMakeFiles/BC_FreeRTOS.elf.dir/Core/Src/stm32f1xx_it.c.obj
 .ARM.attributes
                0x00000239       0x2d CMakeFiles/BC_FreeRTOS.elf.dir/Core/Src/system_stm32f1xx.c.obj
 .ARM.attributes
                0x00000266       0x2d CMakeFiles/BC_FreeRTOS.elf.dir/Core/Src/tb6612.c.obj
 .ARM.attributes
                0x00000293       0x2d CMakeFiles/BC_FreeRTOS.elf.dir/Core/Src/tim.c.obj
 .ARM.attributes
                0x000002c0       0x2d CMakeFiles/BC_FreeRTOS.elf.dir/Core/Src/usart.c.obj
 .ARM.attributes
                0x000002ed       0x2d CMakeFiles/BC_FreeRTOS.elf.dir/Drivers/MPU6050/nodmp_mpu6050.c.obj
 .ARM.attributes
                0x0000031a       0x2d CMakeFiles/BC_FreeRTOS.elf.dir/Drivers/SSD1306/ssd1306.c.obj
 .ARM.attributes
                0x00000347       0x2d CMakeFiles/BC_FreeRTOS.elf.dir/Drivers/SSD1306/ssd1306_font.c.obj
 .ARM.attributes
                0x00000374       0x2d CMakeFiles/BC_FreeRTOS.elf.dir/Drivers/STM32F1xx_HAL_Driver/Src/stm32f1xx_hal.c.obj
 .ARM.attributes
                0x000003a1       0x2d CMakeFiles/BC_FreeRTOS.elf.dir/Drivers/STM32F1xx_HAL_Driver/Src/stm32f1xx_hal_adc.c.obj
 .ARM.attributes
                0x000003ce       0x2d CMakeFiles/BC_FreeRTOS.elf.dir/Drivers/STM32F1xx_HAL_Driver/Src/stm32f1xx_hal_adc_ex.c.obj
 .ARM.attributes
                0x000003fb       0x2d CMakeFiles/BC_FreeRTOS.elf.dir/Drivers/STM32F1xx_HAL_Driver/Src/stm32f1xx_hal_cortex.c.obj
 .ARM.attributes
                0x00000428       0x2d CMakeFiles/BC_FreeRTOS.elf.dir/Drivers/STM32F1xx_HAL_Driver/Src/stm32f1xx_hal_dma.c.obj
 .ARM.attributes
                0x00000455       0x2d CMakeFiles/BC_FreeRTOS.elf.dir/Drivers/STM32F1xx_HAL_Driver/Src/stm32f1xx_hal_gpio.c.obj
 .ARM.attributes
                0x00000482       0x2d CMakeFiles/BC_FreeRTOS.elf.dir/Drivers/STM32F1xx_HAL_Driver/Src/stm32f1xx_hal_i2c.c.obj
 .ARM.attributes
                0x000004af       0x2d CMakeFiles/BC_FreeRTOS.elf.dir/Drivers/STM32F1xx_HAL_Driver/Src/stm32f1xx_hal_rcc.c.obj
 .ARM.attributes
                0x000004dc       0x2d CMakeFiles/BC_FreeRTOS.elf.dir/Drivers/STM32F1xx_HAL_Driver/Src/stm32f1xx_hal_rcc_ex.c.obj
 .ARM.attributes
                0x00000509       0x2d CMakeFiles/BC_FreeRTOS.elf.dir/Drivers/STM32F1xx_HAL_Driver/Src/stm32f1xx_hal_tim.c.obj
 .ARM.attributes
                0x00000536       0x2d CMakeFiles/BC_FreeRTOS.elf.dir/Drivers/STM32F1xx_HAL_Driver/Src/stm32f1xx_hal_tim_ex.c.obj
 .ARM.attributes
                0x00000563       0x2d CMakeFiles/BC_FreeRTOS.elf.dir/Drivers/STM32F1xx_HAL_Driver/Src/stm32f1xx_hal_uart.c.obj
 .ARM.attributes
                0x00000590       0x2d CMakeFiles/BC_FreeRTOS.elf.dir/Middlewares/Third_Party/FreeRTOS/Source/CMSIS_RTOS_V2/cmsis_os2.c.obj
 .ARM.attributes
                0x000005bd       0x2d CMakeFiles/BC_FreeRTOS.elf.dir/Middlewares/Third_Party/FreeRTOS/Source/list.c.obj
 .ARM.attributes
                0x000005ea       0x2d CMakeFiles/BC_FreeRTOS.elf.dir/Middlewares/Third_Party/FreeRTOS/Source/portable/GCC/ARM_CM3/port.c.obj
 .ARM.attributes
                0x00000617       0x2d CMakeFiles/BC_FreeRTOS.elf.dir/Middlewares/Third_Party/FreeRTOS/Source/portable/MemMang/heap_useNewlib_ST.c.obj
 .ARM.attributes
                0x00000644       0x2d CMakeFiles/BC_FreeRTOS.elf.dir/Middlewares/Third_Party/FreeRTOS/Source/queue.c.obj
 .ARM.attributes
                0x00000671       0x2d CMakeFiles/BC_FreeRTOS.elf.dir/Middlewares/Third_Party/FreeRTOS/Source/tasks.c.obj
 .ARM.attributes
                0x0000069e       0x2d CMakeFiles/BC_FreeRTOS.elf.dir/Middlewares/Third_Party/FreeRTOS/Source/timers.c.obj
 .ARM.attributes
                0x000006cb       0x21 CMakeFiles/BC_FreeRTOS.elf.dir/startup/startup_stm32f103xb.s.obj
 .ARM.attributes
                0x000006ec       0x1d e:/developmentenvironment/gcc-arm-none-eabi/bin/../lib/gcc/arm-none-eabi/10.3.1/thumb/v7-m/nofp\libgcc.a(_arm_addsubdf3.o)
 .ARM.attributes
                0x00000709       0x1d e:/developmentenvironment/gcc-arm-none-eabi/bin/../lib/gcc/arm-none-eabi/10.3.1/thumb/v7-m/nofp\libgcc.a(_arm_muldivdf3.o)
 .ARM.attributes
                0x00000726       0x1d e:/developmentenvironment/gcc-arm-none-eabi/bin/../lib/gcc/arm-none-eabi/10.3.1/thumb/v7-m/nofp\libgcc.a(_arm_cmpdf2.o)
 .ARM.attributes
                0x00000743       0x1d e:/developmentenvironment/gcc-arm-none-eabi/bin/../lib/gcc/arm-none-eabi/10.3.1/thumb/v7-m/nofp\libgcc.a(_arm_truncdfsf2.o)
 .ARM.attributes
                0x00000760       0x1d e:/developmentenvironment/gcc-arm-none-eabi/bin/../lib/gcc/arm-none-eabi/10.3.1/thumb/v7-m/nofp\libgcc.a(_arm_addsubsf3.o)
 .ARM.attributes
                0x0000077d       0x1d e:/developmentenvironment/gcc-arm-none-eabi/bin/../lib/gcc/arm-none-eabi/10.3.1/thumb/v7-m/nofp\libgcc.a(_arm_muldivsf3.o)
 .ARM.attributes
                0x0000079a       0x1d e:/developmentenvironment/gcc-arm-none-eabi/bin/../lib/gcc/arm-none-eabi/10.3.1/thumb/v7-m/nofp\libgcc.a(_arm_cmpsf2.o)
 .ARM.attributes
                0x000007b7       0x1d e:/developmentenvironment/gcc-arm-none-eabi/bin/../lib/gcc/arm-none-eabi/10.3.1/thumb/v7-m/nofp\libgcc.a(_arm_fixsfsi.o)
 .ARM.attributes
                0x000007d4       0x2d e:/developmentenvironment/gcc-arm-none-eabi/bin/../lib/gcc/arm-none-eabi/10.3.1/../../../../arm-none-eabi/lib/thumb/v7-m/nofp\libg.a(lib_a-errno.o)
 .ARM.attributes
                0x00000801       0x2d e:/developmentenvironment/gcc-arm-none-eabi/bin/../lib/gcc/arm-none-eabi/10.3.1/../../../../arm-none-eabi/lib/thumb/v7-m/nofp\libg.a(lib_a-impure.o)
 .ARM.attributes
                0x0000082e       0x2d e:/developmentenvironment/gcc-arm-none-eabi/bin/../lib/gcc/arm-none-eabi/10.3.1/../../../../arm-none-eabi/lib/thumb/v7-m/nofp\libg.a(lib_a-init.o)
 .ARM.attributes
                0x0000085b       0x2d e:/developmentenvironment/gcc-arm-none-eabi/bin/../lib/gcc/arm-none-eabi/10.3.1/../../../../arm-none-eabi/lib/thumb/v7-m/nofp\libg.a(lib_a-malloc.o)
 .ARM.attributes
                0x00000888       0x2d e:/developmentenvironment/gcc-arm-none-eabi/bin/../lib/gcc/arm-none-eabi/10.3.1/../../../../arm-none-eabi/lib/thumb/v7-m/nofp\libg.a(lib_a-mallocr.o)
 .ARM.attributes